Component: ARM Compiler 5.06 update 7 (build 960) Tool: armlink [4d3601]

==============================================================================

Section Cross References

    startup_stm32f413xx.o(RESET) refers to startup_stm32f413xx.o(STACK) for __initial_sp
    startup_stm32f413xx.o(RESET) refers to startup_stm32f413xx.o(.text) for Reset_Handler
    startup_stm32f413xx.o(RESET) refers to stm32f4xx_it.o(i.NMI_Handler) for NMI_Handler
    startup_stm32f413xx.o(RESET) refers to stm32f4xx_it.o(i.HardFault_Handler) for HardFault_Handler
    startup_stm32f413xx.o(RESET) refers to stm32f4xx_it.o(i.MemManage_Handler) for MemManage_Handler
    startup_stm32f413xx.o(RESET) refers to stm32f4xx_it.o(i.BusFault_Handler) for BusFault_Handler
    startup_stm32f413xx.o(RESET) refers to stm32f4xx_it.o(i.UsageFault_Handler) for UsageFault_Handler
    startup_stm32f413xx.o(RESET) refers to stm32f4xx_it.o(i.SVC_Handler) for SVC_Handler
    startup_stm32f413xx.o(RESET) refers to stm32f4xx_it.o(i.DebugMon_Handler) for DebugMon_Handler
    startup_stm32f413xx.o(RESET) refers to stm32f4xx_it.o(i.PendSV_Handler) for PendSV_Handler
    startup_stm32f413xx.o(RESET) refers to stm32f4xx_it.o(i.SysTick_Handler) for SysTick_Handler
    startup_stm32f413xx.o(RESET) refers to stm32f4xx_it.o(i.USART2_IRQHandler) for USART2_IRQHandler
    startup_stm32f413xx.o(RESET) refers to stm32f4xx_it.o(i.OTG_FS_IRQHandler) for OTG_FS_IRQHandler
    startup_stm32f413xx.o(.text) refers to system_stm32f4xx.o(i.SystemInit) for SystemInit
    startup_stm32f413xx.o(.text) refers to entry.o(.ARM.Collect$$$$00000000) for __main
    main.o(i.SystemClock_Config) refers to memseta.o(.text) for __aeabi_memclr4
    main.o(i.SystemClock_Config) refers to stm32f4xx_hal_rcc_ex.o(i.HAL_RCC_OscConfig) for HAL_RCC_OscConfig
    main.o(i.SystemClock_Config) refers to main.o(i.Error_Handler) for Error_Handler
    main.o(i.SystemClock_Config) refers to stm32f4xx_hal_rcc.o(i.HAL_RCC_ClockConfig) for HAL_RCC_ClockConfig
    main.o(i.main) refers to stm32f4xx_hal.o(i.HAL_Init) for HAL_Init
    main.o(i.main) refers to main.o(i.SystemClock_Config) for SystemClock_Config
    main.o(i.main) refers to gpio.o(i.MX_GPIO_Init) for MX_GPIO_Init
    main.o(i.main) refers to usart.o(i.MX_USART2_UART_Init) for MX_USART2_UART_Init
    main.o(i.main) refers to usb_device.o(i.MX_USB_DEVICE_Init) for MX_USB_DEVICE_Init
    main.o(i.main) refers to malloc.o(i.malloc) for malloc
    main.o(i.main) refers to usbd_cdc_if.o(i.CDC_Transmit_FS) for CDC_Transmit_FS
    main.o(i.main) refers to malloc.o(i.free) for free
    main.o(i.usb_printf) refers to printfa.o(i.__0vsnprintf) for vsnprintf
    main.o(i.usb_printf) refers to strlen.o(.text) for strlen
    main.o(i.usb_printf) refers to usbd_cdc_if.o(i.CDC_Transmit_FS) for CDC_Transmit_FS
    usart.o(i.HAL_UART_MspDeInit) refers to stm32f4xx_hal_gpio.o(i.HAL_GPIO_DeInit) for HAL_GPIO_DeInit
    usart.o(i.HAL_UART_MspDeInit) refers to stm32f4xx_hal_cortex.o(i.HAL_NVIC_DisableIRQ) for HAL_NVIC_DisableIRQ
    usart.o(i.HAL_UART_MspInit) refers to memseta.o(.text) for __aeabi_memclr4
    usart.o(i.HAL_UART_MspInit) refers to stm32f4xx_hal_gpio.o(i.HAL_GPIO_Init) for HAL_GPIO_Init
    usart.o(i.HAL_UART_MspInit) refers to stm32f4xx_hal_cortex.o(i.HAL_NVIC_SetPriority) for HAL_NVIC_SetPriority
    usart.o(i.HAL_UART_MspInit) refers to stm32f4xx_hal_cortex.o(i.HAL_NVIC_EnableIRQ) for HAL_NVIC_EnableIRQ
    usart.o(i.MX_USART2_UART_Init) refers to stm32f4xx_hal_uart.o(i.HAL_UART_Init) for HAL_UART_Init
    usart.o(i.MX_USART2_UART_Init) refers to main.o(i.Error_Handler) for Error_Handler
    usart.o(i.MX_USART2_UART_Init) refers to usart.o(.bss) for huart2
    usart.o(i.fputc) refers to stm32f4xx_hal_uart.o(i.HAL_UART_Transmit) for HAL_UART_Transmit
    usart.o(i.fputc) refers to usart.o(.bss) for huart2
    stm32f4xx_it.o(i.OTG_FS_IRQHandler) refers to stm32f4xx_hal_pcd.o(i.HAL_PCD_IRQHandler) for HAL_PCD_IRQHandler
    stm32f4xx_it.o(i.OTG_FS_IRQHandler) refers to usbd_conf.o(.bss) for hpcd_USB_OTG_FS
    stm32f4xx_it.o(i.SysTick_Handler) refers to stm32f4xx_hal.o(i.HAL_IncTick) for HAL_IncTick
    stm32f4xx_it.o(i.USART2_IRQHandler) refers to stm32f4xx_hal_uart.o(i.HAL_UART_IRQHandler) for HAL_UART_IRQHandler
    stm32f4xx_it.o(i.USART2_IRQHandler) refers to usart.o(.bss) for huart2
    stm32f4xx_hal_pcd.o(i.HAL_PCD_ActivateRemoteWakeup) refers to stm32f4xx_ll_usb.o(i.USB_ActivateRemoteWakeup) for USB_ActivateRemoteWakeup
    stm32f4xx_hal_pcd.o(i.HAL_PCD_DeActivateRemoteWakeup) refers to stm32f4xx_ll_usb.o(i.USB_DeActivateRemoteWakeup) for USB_DeActivateRemoteWakeup
    stm32f4xx_hal_pcd.o(i.HAL_PCD_DeInit) refers to stm32f4xx_ll_usb.o(i.USB_StopDevice) for USB_StopDevice
    stm32f4xx_hal_pcd.o(i.HAL_PCD_DeInit) refers to usbd_conf.o(i.HAL_PCD_MspDeInit) for HAL_PCD_MspDeInit
    stm32f4xx_hal_pcd.o(i.HAL_PCD_DevConnect) refers to stm32f4xx_ll_usb.o(i.USB_DevConnect) for USB_DevConnect
[...]
    i.HAL_PCDEx_SetRxFiFo                    0x080008ee   Section        0  stm32f4xx_hal_pcd_ex.o(i.HAL_PCDEx_SetRxFiFo)
    i.HAL_PCDEx_SetTxFiFo                    0x080008f8   Section        0  stm32f4xx_hal_pcd_ex.o(i.HAL_PCDEx_SetTxFiFo)
    i.HAL_PCD_ConnectCallback                0x08000946   Section        0  usbd_conf.o(i.HAL_PCD_ConnectCallback)
    i.HAL_PCD_DataInStageCallback            0x08000954   Section        0  usbd_conf.o(i.HAL_PCD_DataInStageCallback)
    i.HAL_PCD_DataOutStageCallback           0x08000974   Section        0  usbd_conf.o(i.HAL_PCD_DataOutStageCallback)
    i.HAL_PCD_DisconnectCallback             0x08000994   Section        0  usbd_conf.o(i.HAL_PCD_DisconnectCallback)
    i.HAL_PCD_EP_Abort                       0x080009a2   Section        0  stm32f4xx_hal_pcd.o(i.HAL_PCD_EP_Abort)
    i.HAL_PCD_EP_Close                       0x080009e4   Section        0  stm32f4xx_hal_pcd.o(i.HAL_PCD_EP_Close)
    i.HAL_PCD_EP_ClrStall                    0x08000a4e   Section        0  stm32f4xx_hal_pcd.o(i.HAL_PCD_EP_ClrStall)
    i.HAL_PCD_EP_GetRxCount                  0x08000aca   Section        0  stm32f4xx_hal_pcd.o(i.HAL_PCD_EP_GetRxCount)
    i.HAL_PCD_EP_Open                        0x08000ae0   Section        0  stm32f4xx_hal_pcd.o(i.HAL_PCD_EP_Open)
    i.HAL_PCD_EP_Receive                     0x08000b6c   Section        0  stm32f4xx_hal_pcd.o(i.HAL_PCD_EP_Receive)
    i.HAL_PCD_EP_SetStall                    0x08000bc4   Section        0  stm32f4xx_hal_pcd.o(i.HAL_PCD_EP_SetStall)
    i.HAL_PCD_EP_Transmit                    0x08000c4e   Section        0  stm32f4xx_hal_pcd.o(i.HAL_PCD_EP_Transmit)
    i.HAL_PCD_IRQHandler                     0x08000ca8   Section        0  stm32f4xx_hal_pcd.o(i.HAL_PCD_IRQHandler)
    i.HAL_PCD_ISOINIncompleteCallback        0x080013b6   Section        0  usbd_conf.o(i.HAL_PCD_ISOINIncompleteCallback)
    i.HAL_PCD_ISOOUTIncompleteCallback       0x080013c8   Section        0  usbd_conf.o(i.HAL_PCD_ISOOUTIncompleteCallback)
    i.HAL_PCD_Init                           0x080013da   Section        0  stm32f4xx_hal_pcd.o(i.HAL_PCD_Init)
    i.HAL_PCD_MspInit                        0x0800154c   Section        0  usbd_conf.o(i.HAL_PCD_MspInit)
    i.HAL_PCD_ResetCallback                  0x08001610   Section        0  usbd_conf.o(i.HAL_PCD_ResetCallback)
    i.HAL_PCD_ResumeCallback                 0x08001634   Section        0  usbd_conf.o(i.HAL_PCD_ResumeCallback)
    i.HAL_PCD_SOFCallback                    0x08001642   Section        0  usbd_conf.o(i.HAL_PCD_SOFCallback)
    i.HAL_PCD_SetAddress                     0x08001650   Section        0  stm32f4xx_hal_pcd.o(i.HAL_PCD_SetAddress)
    i.HAL_PCD_SetupStageCallback             0x08001686   Section        0  usbd_conf.o(i.HAL_PCD_SetupStageCallback)
    i.HAL_PCD_Start                          0x08001698   Section        0  stm32f4xx_hal_pcd.o(i.HAL_PCD_Start)
    i.HAL_PCD_SuspendCallback                0x080016e4   Section        0  usbd_conf.o(i.HAL_PCD_SuspendCallback)
    i.HAL_RCCEx_PeriphCLKConfig              0x08001718   Section        0  stm32f4xx_hal_rcc_ex.o(i.HAL_RCCEx_PeriphCLKConfig)
    i.HAL_RCC_ClockConfig                    0x08001b64   Section        0  stm32f4xx_hal_rcc.o(i.HAL_RCC_ClockConfig)
    i.HAL_RCC_GetHCLKFreq                    0x08001ce8   Section        0  stm32f4xx_hal_rcc.o(i.HAL_RCC_GetHCLKFreq)
    i.HAL_RCC_GetPCLK1Freq                   0x08001cf4   Section        0  stm32f4xx_hal_rcc.o(i.HAL_RCC_GetPCLK1Freq)
    i.HAL_RCC_GetPCLK2Freq                   0x08001d14   Section        0  stm32f4xx_hal_rcc.o(i.HAL_RCC_GetPCLK2Freq)
    i.HAL_RCC_GetSysClockFreq                0x08001d34   Section        0  stm32f4xx_hal_rcc.o(i.HAL_RCC_GetSysClockFreq)
    i.HAL_RCC_OscConfig                      0x08001de4   Section        0  stm32f4xx_hal_rcc_ex.o(i.HAL_RCC_OscConfig)
    i.HAL_SYSTICK_Config                     0x08002294   Section        0  stm32f4xx_hal_cortex.o(i.HAL_SYSTICK_Config)
    i.HAL_UARTEx_RxEventCallback             0x080022c8   Section        0  stm32f4xx_hal_uart.o(i.HAL_UARTEx_RxEventCallback)
    i.HAL_UART_ErrorCallback                 0x080022ca   Section        0  stm32f4xx_hal_uart.o(i.HAL_UART_ErrorCallback)
    i.HAL_UART_IRQHandler                    0x080022cc   Section        0  stm32f4xx_hal_uart.o(i.HAL_UART_IRQHandler)
    i.HAL_UART_Init                          0x080025ac   Section        0  stm32f4xx_hal_uart.o(i.HAL_UART_Init)
    i.HAL_UART_MspInit                       0x08002620   Section        0  usart.o(i.HAL_UART_MspInit)
    i.HAL_UART_RxCpltCallback                0x080026b8   Section        0  stm32f4xx_hal_uart.o(i.HAL_UART_RxCpltCallback)
    i.HAL_UART_TxCpltCallback                0x080026ba   Section        0  stm32f4xx_hal_uart.o(i.HAL_UART_TxCpltCallback)
    i.HardFault_Handler                      0x080026bc   Section        0  stm32f4xx_it.o(i.HardFault_Handler)
    i.IntToUnicode                           0x080026c0   Section        0  usbd_desc.o(i.IntToUnicode)
    IntToUnicode                             0x080026c1   Thumb Code    62  usbd_desc.o(i.IntToUnicode)
    i.MX_GPIO_Init                           0x08002700   Section        0  gpio.o(i.MX_GPIO_Init)
    i.MX_USART2_UART_Init                    0x08002748   Section        0  usart.o(i.MX_USART2_UART_Init)
    i.MX_USB_DEVICE_Init                     0x08002780   Section        0  usb_device.o(i.MX_USB_DEVICE_Init)
    i.MemManage_Handler                      0x080027cc   Section        0  stm32f4xx_it.o(i.MemManage_Handler)
    i.NMI_Handler                            0x080027d0   Section        0  stm32f4xx_it.o(i.NMI_Handler)
    i.OTG_FS_IRQHandler                      0x080027d4   Section        0  stm32f4xx_it.o(i.OTG_FS_IRQHandler)
    i.PCD_EP_OutSetupPacket_int              0x080027e4   Section        0  stm32f4xx_hal_pcd.o(i.PCD_EP_OutSetupPacket_int)
    PCD_EP_OutSetupPacket_int                0x080027e5   Thumb Code    94  stm32f4xx_hal_pcd.o(i.PCD_EP_OutSetupPacket_int)
    i.PCD_EP_OutXfrComplete_int              0x08002848   Section        0  stm32f4xx_hal_pcd.o(i.PCD_EP_OutXfrComplete_int)
    PCD_EP_OutXfrComplete_int                0x08002849   Thumb Code   314  stm32f4xx_hal_pcd.o(i.PCD_EP_OutXfrComplete_int)
    i.PCD_WriteEmptyTxFifo                   0x0800298c   Section        0  stm32f4xx_hal_pcd.o(i.PCD_WriteEmptyTxFifo)
    PCD_WriteEmptyTxFifo                     0x0800298d   Thumb Code   182  stm32f4xx_hal_pcd.o(i.PCD_WriteEmptyTxFifo)
    i.PendSV_Handler                         0x08002a42   Section        0  stm32f4xx_it.o(i.PendSV_Handler)
    i.SVC_Handler                            0x08002a44   Section        0  stm32f4xx_it.o(i.SVC_Handler)
    i.SWAPBYTE                               0x08002a46   Section        0  usbd_ctlreq.o(i.SWAPBYTE)
    SWAPBYTE                                 0x08002a47   Thumb Code    18  usbd_ctlreq.o(i.SWAPBYTE)
    i.SysTick_Handler                        0x08002a58   Section        0  stm32f4xx_it.o(i.SysTick_Handler)
    i.SystemClock_Config                     0x08002a60   Section        0  main.o(i.SystemClock_Config)
    i.SystemInit                             0x08002b14   Section        0  system_stm32f4xx.o(i.SystemInit)
    i.UART_DMAAbortOnError                   0x08002b28   Section        0  stm32f4xx_hal_uart.o(i.UART_DMAAbortOnError)
    UART_DMAAbortOnError                     0x08002b29   Thumb Code    20  stm32f4xx_hal_uart.o(i.UART_DMAAbortOnError)
    i.UART_EndRxTransfer                     0x08002b3c   Section        0  stm32f4xx_hal_uart.o(i.UART_EndRxTransfer)
    UART_EndRxTransfer                       0x08002b3d   Thumb Code   108  stm32f4xx_hal_uart.o(i.UART_EndRxTransfer)
    i.UART_EndTransmit_IT                    0x08002ba8   Section        0  stm32f4xx_hal_uart.o(i.UART_EndTransmit_IT)
    UART_EndTransmit_IT                      0x08002ba9   Thumb Code    32  stm32f4xx_hal_uart.o(i.UART_EndTransmit_IT)
    i.UART_Receive_IT                        0x08002bc8   Section        0  stm32f4xx_hal_uart.o(i.UART_Receive_IT)
    UART_Receive_IT                          0x08002bc9   Thumb Code   248  stm32f4xx_hal_uart.o(i.UART_Receive_IT)
    i.UART_SetConfig                         0x08002cc0   Section        0  stm32f4xx_hal_uart.o(i.UART_SetConfig)
    UART_SetConfig                           0x08002cc1   Thumb Code   564  stm32f4xx_hal_uart.o(i.UART_SetConfig)
    i.UART_Transmit_IT                       0x08002f04   Section        0  stm32f4xx_hal_uart.o(i.UART_Transmit_IT)
    UART_Transmit_IT                         0x08002f05   Thumb Code    96  stm32f4xx_hal_uart.o(i.UART_Transmit_IT)
    i.USART2_IRQHandler                      0x08002f64   Section        0  stm32f4xx_it.o(i.USART2_IRQHandler)
    i.USBD_CDC_DataIn                        0x08002f74   Section        0  usbd_cdc.o(i.USBD_CDC_DataIn)
    USBD_CDC_DataIn                          0x08002f75   Thumb Code   196  usbd_cdc.o(i.USBD_CDC_DataIn)
    i.USBD_CDC_DataOut                       0x08003038   Section        0  usbd_cdc.o(i.USBD_CDC_DataOut)
    USBD_CDC_DataOut                         0x08003039   Thumb Code    72  usbd_cdc.o(i.USBD_CDC_DataOut)
    i.USBD_CDC_DeInit                        0x08003080   Section        0  usbd_cdc.o(i.USBD_CDC_DeInit)
    USBD_CDC_DeInit                          0x08003081   Thumb Code   200  usbd_cdc.o(i.USBD_CDC_DeInit)
    i.USBD_CDC_EP0_RxReady                   0x08003154   Section        0  usbd_cdc.o(i.USBD_CDC_EP0_RxReady)
    USBD_CDC_EP0_RxReady                     0x08003155   Thumb Code    80  usbd_cdc.o(i.USBD_CDC_EP0_RxReady)
    i.USBD_CDC_GetDeviceQualifierDescriptor  0x080031a4   Section        0  usbd_cdc.o(i.USBD_CDC_GetDeviceQualifierDescriptor)
    i.USBD_CDC_GetFSCfgDesc                  0x080031b4   Section        0  usbd_cdc.o(i.USBD_CDC_GetFSCfgDesc)
    USBD_CDC_GetFSCfgDesc                    0x080031b5   Thumb Code    64  usbd_cdc.o(i.USBD_CDC_GetFSCfgDesc)
    i.USBD_CDC_GetHSCfgDesc                  0x080031f8   Section        0  usbd_cdc.o(i.USBD_CDC_GetHSCfgDesc)
    USBD_CDC_GetHSCfgDesc                    0x080031f9   Thumb Code    68  usbd_cdc.o(i.USBD_CDC_GetHSCfgDesc)
    i.USBD_CDC_GetOtherSpeedCfgDesc          0x08003240   Section        0  usbd_cdc.o(i.USBD_CDC_GetOtherSpeedCfgDesc)
    USBD_CDC_GetOtherSpeedCfgDesc            0x08003241   Thumb Code    64  usbd_cdc.o(i.USBD_CDC_GetOtherSpeedCfgDesc)
    i.USBD_CDC_Init                          0x08003284   Section        0  usbd_cdc.o(i.USBD_CDC_Init)
    USBD_CDC_Init                            0x08003285   Thumb Code   404  usbd_cdc.o(i.USBD_CDC_Init)
    i.USBD_CDC_ReceivePacket                 0x08003424   Section        0  usbd_cdc.o(i.USBD_CDC_ReceivePacket)
    i.USBD_CDC_RegisterInterface             0x08003474   Section        0  usbd_cdc.o(i.USBD_CDC_RegisterInterface)
    i.USBD_CDC_SetRxBuffer                   0x0800348c   Section        0  usbd_cdc.o(i.USBD_CDC_SetRxBuffer)
    i.USBD_CDC_SetTxBuffer                   0x080034aa   Section        0  usbd_cdc.o(i.USBD_CDC_SetTxBuffer)
    i.USBD_CDC_Setup                         0x080034ce   Section        0  usbd_cdc.o(i.USBD_CDC_Setup)
    USBD_CDC_Setup                           0x080034cf   Thumb Code   320  usbd_cdc.o(i.USBD_CDC_Setup)
    i.USBD_CDC_TransmitPacket                0x08003610   Section        0  usbd_cdc.o(i.USBD_CDC_TransmitPacket)
    i.USBD_ClrClassConfig                    0x08003674   Section        0  usbd_core.o(i.USBD_ClrClassConfig)
    i.USBD_ClrFeature                        0x08003690   Section        0  usbd_ctlreq.o(i.USBD_ClrFeature)
    USBD_ClrFeature                          0x08003691   Thumb Code    62  usbd_ctlreq.o(i.USBD_ClrFeature)
    i.USBD_CoreFindEP                        0x080036ce   Section        0  usbd_core.o(i.USBD_CoreFindEP)
    i.USBD_CoreFindIF                        0x080036d4   Section        0  usbd_core.o(i.USBD_CoreFindIF)
    i.USBD_CtlContinueRx                     0x080036da   Section        0  usbd_ioreq.o(i.USBD_CtlContinueRx)
    i.USBD_CtlContinueSendData               0x080036f2   Section        0  usbd_ioreq.o(i.USBD_CtlContinueSendData)
    i.USBD_CtlError                          0x0800370a   Section        0  usbd_ctlreq.o(i.USBD_CtlError)
    i.USBD_CtlPrepareRx                      0x08003722   Section        0  usbd_ioreq.o(i.USBD_CtlPrepareRx)
    i.USBD_CtlReceiveStatus                  0x0800374a   Section        0  usbd_ioreq.o(i.USBD_CtlReceiveStatus)
    i.USBD_CtlSendData                       0x08003764   Section        0  usbd_ioreq.o(i.USBD_CtlSendData)
    i.USBD_CtlSendStatus                     0x08003786   Section        0  usbd_ioreq.o(i.USBD_CtlSendStatus)
    i.USBD_FS_ConfigStrDescriptor            0x080037a0   Section        0  usbd_desc.o(i.USBD_FS_ConfigStrDescriptor)
    i.USBD_FS_DeviceDescriptor               0x080037d4   Section        0  usbd_desc.o(i.USBD_FS_DeviceDescriptor)
    i.USBD_FS_InterfaceStrDescriptor         0x080037e4   Section        0  usbd_desc.o(i.USBD_FS_InterfaceStrDescriptor)
    i.USBD_FS_LangIDStrDescriptor            0x0800381c   Section        0  usbd_desc.o(i.USBD_FS_LangIDStrDescriptor)
    i.USBD_FS_ManufacturerStrDescriptor      0x0800382c   Section        0  usbd_desc.o(i.USBD_FS_ManufacturerStrDescriptor)
    i.USBD_FS_ProductStrDescriptor           0x08003858   Section        0  usbd_desc.o(i.USBD_FS_ProductStrDescriptor)
    i.USBD_FS_SerialStrDescriptor            0x08003898   Section        0  usbd_desc.o(i.USBD_FS_SerialStrDescriptor)
    i.USBD_GetConfig                         0x080038b0   Section        0  usbd_ctlreq.o(i.USBD_GetConfig)
    USBD_GetConfig                           0x080038b1   Thumb Code    86  usbd_ctlreq.o(i.USBD_GetConfig)
    i.USBD_GetDescriptor                     0x08003906   Section        0  usbd_ctlreq.o(i.USBD_GetDescriptor)
    USBD_GetDescriptor                       0x08003907   Thumb Code   508  usbd_ctlreq.o(i.USBD_GetDescriptor)
    i.USBD_GetEpDesc                         0x08003b02   Section        0  usbd_core.o(i.USBD_GetEpDesc)
    i.USBD_GetLen                            0x08003b52   Section        0  usbd_ctlreq.o(i.USBD_GetLen)
    USBD_GetLen                              0x08003b53   Thumb Code    22  usbd_ctlreq.o(i.USBD_GetLen)
    i.USBD_GetNextDesc                       0x08003b68   Section        0  usbd_core.o(i.USBD_GetNextDesc)
    i.USBD_GetStatus                         0x08003b7c   Section        0  usbd_ctlreq.o(i.USBD_GetStatus)
    USBD_GetStatus                           0x08003b7d   Thumb Code    90  usbd_ctlreq.o(i.USBD_GetStatus)
    i.USBD_GetString                         0x08003bd6   Section        0  usbd_ctlreq.o(i.USBD_GetString)
    i.USBD_Get_USB_Status                    0x08003c2a   Section        0  usbd_conf.o(i.USBD_Get_USB_Status)
    i.USBD_Init                              0x08003c56   Section        0  usbd_core.o(i.USBD_Init)
    i.USBD_LL_ClearStallEP                   0x08003c90   Section        0  usbd_conf.o(i.USBD_LL_ClearStallEP)
    i.USBD_LL_CloseEP                        0x08003cb6   Section        0  usbd_conf.o(i.USBD_LL_CloseEP)
    i.USBD_LL_DataInStage                    0x08003cdc   Section        0  usbd_core.o(i.USBD_LL_DataInStage)
    i.USBD_LL_DataOutStage                   0x08003de4   Section        0  usbd_core.o(i.USBD_LL_DataOutStage)
    i.USBD_LL_DevConnected                   0x08003ee6   Section        0  usbd_core.o(i.USBD_LL_DevConnected)
    i.USBD_LL_DevDisconnected                0x08003eec   Section        0  usbd_core.o(i.USBD_LL_DevDisconnected)
    i.USBD_LL_GetRxDataSize                  0x08003f12   Section        0  usbd_conf.o(i.USBD_LL_GetRxDataSize)
    i.USBD_LL_Init                           0x08003f24   Section        0  usbd_conf.o(i.USBD_LL_Init)
    i.USBD_LL_IsStallEP                      0x08003f90   Section        0  usbd_conf.o(i.USBD_LL_IsStallEP)
    i.USBD_LL_IsoINIncomplete                0x08003fc8   Section        0  usbd_core.o(i.USBD_LL_IsoINIncomplete)
    i.USBD_LL_IsoOUTIncomplete               0x08004010   Section        0  usbd_core.o(i.USBD_LL_IsoOUTIncomplete)
    i.USBD_LL_OpenEP                         0x08004058   Section        0  usbd_conf.o(i.USBD_LL_OpenEP)
    i.USBD_LL_PrepareReceive                 0x08004088   Section        0  usbd_conf.o(i.USBD_LL_PrepareReceive)
    i.USBD_LL_Reset                          0x080040b8   Section        0  usbd_core.o(i.USBD_LL_Reset)
    i.USBD_LL_Resume                         0x08004124   Section        0  usbd_core.o(i.USBD_LL_Resume)
    i.USBD_LL_SOF                            0x0800413a   Section        0  usbd_core.o(i.USBD_LL_SOF)
    i.USBD_LL_SetSpeed                       0x08004162   Section        0  usbd_core.o(i.USBD_LL_SetSpeed)
    i.USBD_LL_SetUSBAddress                  0x0800416a   Section        0  usbd_conf.o(i.USBD_LL_SetUSBAddress)
    i.USBD_LL_SetupStage                     0x08004190   Section        0  usbd_core.o(i.USBD_LL_SetupStage)
    i.USBD_LL_StallEP                        0x08004206   Section        0  usbd_conf.o(i.USBD_LL_StallEP)
    i.USBD_LL_Start                          0x0800422c   Section        0  usbd_conf.o(i.USBD_LL_Start)
    i.USBD_LL_Suspend                        0x0800424a   Section        0  usbd_core.o(i.USBD_LL_Suspend)
    i.USBD_LL_Transmit                       0x0800425e   Section        0  usbd_conf.o(i.USBD_LL_Transmit)
    i.USBD_ParseSetupRequest                 0x0800428e   Section        0  usbd_ctlreq.o(i.USBD_ParseSetupRequest)
    i.USBD_RegisterClass                     0x080042c4   Section        0  usbd_core.o(i.USBD_RegisterClass)
    i.USBD_RunTestMode                       0x0800430c   Section        0  usbd_core.o(i.USBD_RunTestMode)
    i.USBD_SetAddress                        0x08004312   Section        0  usbd_ctlreq.o(i.USBD_SetAddress)
    USBD_SetAddress                          0x08004313   Thumb Code    90  usbd_ctlreq.o(i.USBD_SetAddress)
    i.USBD_SetClassConfig                    0x0800436c   Section        0  usbd_core.o(i.USBD_SetClassConfig)
    i.USBD_SetConfig                         0x0800438c   Section        0  usbd_ctlreq.o(i.USBD_SetConfig)
    USBD_SetConfig                           0x0800438d   Thumb Code   254  usbd_ctlreq.o(i.USBD_SetConfig)
    i.USBD_SetFeature                        0x08004490   Section        0  usbd_ctlreq.o(i.USBD_SetFeature)
    USBD_SetFeature                          0x08004491   Thumb Code    56  usbd_ctlreq.o(i.USBD_SetFeature)
    i.USBD_Start                             0x080044c8   Section        0  usbd_core.o(i.USBD_Start)
    i.USBD_StdDevReq                         0x080044d4   Section        0  usbd_ctlreq.o(i.USBD_StdDevReq)
    i.USBD_StdEPReq                          0x08004582   Section        0  usbd_ctlreq.o(i.USBD_StdEPReq)
    i.USBD_StdItfReq                         0x08004802   Section        0  usbd_ctlreq.o(i.USBD_StdItfReq)
    i.USBD_static_free                       0x080048b0   Section        0  usbd_conf.o(i.USBD_static_free)
    i.USBD_static_malloc                     0x080048b4   Section        0  usbd_conf.o(i.USBD_static_malloc)
    i.USB_ActivateEndpoint                   0x080048c0   Section        0  stm32f4xx_ll_usb.o(i.USB_ActivateEndpoint)
    i.USB_ActivateSetup                      0x08004990   Section        0  stm32f4xx_ll_usb.o(i.USB_ActivateSetup)
    i.USB_CoreInit                           0x080049b8   Section        0  stm32f4xx_ll_usb.o(i.USB_CoreInit)
    i.USB_CoreReset                          0x08004a3c   Section        0  stm32f4xx_ll_usb.o(i.USB_CoreReset)
    USB_CoreReset                            0x08004a3d   Thumb Code    84  stm32f4xx_ll_usb.o(i.USB_CoreReset)
    i.USB_DeactivateEndpoint                 0x08004a94   Section        0  stm32f4xx_ll_usb.o(i.USB_DeactivateEndpoint)
    i.USB_DevConnect                         0x08004be0   Section        0  stm32f4xx_ll_usb.o(i.USB_DevConnect)
    i.USB_DevDisconnect                      0x08004c04   Section        0  stm32f4xx_ll_usb.o(i.USB_DevDisconnect)
    i.USB_DevInit                            0x08004c28   Section        0  stm32f4xx_ll_usb.o(i.USB_DevInit)
    i.USB_DisableGlobalInt                   0x08004e00   Section        0  stm32f4xx_ll_usb.o(i.USB_DisableGlobalInt)
    i.USB_EP0StartXfer                       0x08004e10   Section        0  stm32f4xx_ll_usb.o(i.USB_EP0StartXfer)
    i.USB_EP0_OutStart                       0x08004fec   Section        0  stm32f4xx_ll_usb.o(i.USB_EP0_OutStart)
    i.USB_EPClearStall                       0x0800505c   Section        0  stm32f4xx_ll_usb.o(i.USB_EPClearStall)
    i.USB_EPSetStall                         0x080050ea   Section        0  stm32f4xx_ll_usb.o(i.USB_EPSetStall)
    i.USB_EPStartXfer                        0x08005184   Section        0  stm32f4xx_ll_usb.o(i.USB_EPStartXfer)
    i.USB_EPStopXfer                         0x080054cc   Section        0  stm32f4xx_ll_usb.o(i.USB_EPStopXfer)
    i.USB_EnableGlobalInt                    0x080055b8   Section        0  stm32f4xx_ll_usb.o(i.USB_EnableGlobalInt)
    i.USB_FlushRxFifo                        0x080055c8   Section        0  stm32f4xx_ll_usb.o(i.USB_FlushRxFifo)
    i.USB_FlushTxFifo                        0x0800561c   Section        0  stm32f4xx_ll_usb.o(i.USB_FlushTxFifo)
    i.USB_GetDevSpeed                        0x08005674   Section        0  stm32f4xx_ll_usb.o(i.USB_GetDevSpeed)
    i.USB_GetMode                            0x0800569a   Section        0  stm32f4xx_ll_usb.o(i.USB_GetMode)
    i.USB_ReadDevAllInEpInterrupt            0x080056a4   Section        0  stm32f4xx_ll_usb.o(i.USB_ReadDevAllInEpInterrupt)
    i.USB_ReadDevAllOutEpInterrupt           0x080056b8   Section        0  stm32f4xx_ll_usb.o(i.USB_ReadDevAllOutEpInterrupt)
    i.USB_ReadDevInEPInterrupt               0x080056cc   Section        0  stm32f4xx_ll_usb.o(i.USB_ReadDevInEPInterrupt)
    i.USB_ReadDevOutEPInterrupt              0x080056fe   Section        0  stm32f4xx_ll_usb.o(i.USB_ReadDevOutEPInterrupt)
    i.USB_ReadInterrupts                     0x08005718   Section        0  stm32f4xx_ll_usb.o(i.USB_ReadInterrupts)
    i.USB_ReadPacket                         0x08005722   Section        0  stm32f4xx_ll_usb.o(i.USB_ReadPacket)
    i.USB_SetCurrentMode                     0x08005782   Section        0  stm32f4xx_ll_usb.o(i.USB_SetCurrentMode)
    i.USB_SetDevAddress                      0x080057ea   Section        0  stm32f4xx_ll_usb.o(i.USB_SetDevAddress)
    i.USB_SetDevSpeed                        0x08005814   Section        0  stm32f4xx_ll_usb.o(i.USB_SetDevSpeed)
    i.USB_SetTurnaroundTime                  0x08005828   Section        0  stm32f4xx_ll_usb.o(i.USB_SetTurnaroundTime)
    i.USB_WritePacket                        0x08005910   Section        0  stm32f4xx_ll_usb.o(i.USB_WritePacket)
    i.UsageFault_Handler                     0x08005954   Section        0  stm32f4xx_it.o(i.UsageFault_Handler)
    i.__NVIC_GetPriorityGrouping             0x08005958   Section        0  stm32f4xx_hal_cortex.o(i.__NVIC_GetPriorityGrouping)
    __NVIC_GetPriorityGrouping               0x08005959   Thumb Code    10  stm32f4xx_hal_cortex.o(i.__NVIC_GetPriorityGrouping)
    i.__NVIC_SetPriority                     0x08005968   Section        0  stm32f4xx_hal_cortex.o(i.__NVIC_SetPriority)
    __NVIC_SetPriority                       0x08005969   Thumb Code    32  stm32f4xx_hal_cortex.o(i.__NVIC_SetPriority)
    i.__scatterload_copy                     0x08005990   Section       14  handlers.o(i.__scatterload_copy)
    i.__scatterload_null                     0x0800599e   Section        2  handlers.o(i.__scatterload_null)
    i.__scatterload_zeroinit                 0x080059a0   Section       14  handlers.o(i.__scatterload_zeroinit)
    i.free                                   0x080059b0   Section        0  malloc.o(i.free)
    i.main                                   0x08005a00   Section        0  main.o(i.main)
    i.malloc                                 0x08005a5c   Section        0  malloc.o(i.malloc)
    .constdata                               0x08005ac8   Section       24  system_stm32f4xx.o(.constdata)
    .data                                    0x20000000   Section        9  stm32f4xx_hal.o(.data)
    .data                                    0x2000000c   Section        4  system_stm32f4xx.o(.data)
    .data                                    0x20000010   Section       78  usbd_desc.o(.data)
    .data                                    0x20000060   Section       20  usbd_cdc_if.o(.data)
    .data                                    0x20000074   Section        1  usbd_ctlreq.o(.data)
    cfgidx                                   0x20000074   Data           1  usbd_ctlreq.o(.data)
    .data                                    0x20000078   Section      138  usbd_cdc.o(.data)
    USBD_CDC_DeviceQualifierDesc             0x20000078   Data          10  usbd_cdc.o(.data)
    USBD_CDC_CfgDesc                         0x200000bc   Data          67  usbd_cdc.o(.data)
    CDCInEpAdd                               0x200000ff   Data           1  usbd_cdc.o(.data)
    CDCOutEpAdd                              0x20000100   Data           1  usbd_cdc.o(.data)
    CDCCmdEpAdd                              0x20000101   Data           1  usbd_cdc.o(.data)
    .data                                    0x20000104   Section        4  mvars.o(.data)
    .data                                    0x20000108   Section        4  mvars.o(.data)
    .bss                                     0x2000010c   Section       68  usart.o(.bss)
    .bss                                     0x20000150   Section      732  usb_device.o(.bss)
    .bss                                     0x2000042c   Section      512  usbd_desc.o(.bss)
    .bss                                     0x2000062c   Section     4096  usbd_cdc_if.o(.bss)
    .bss                                     0x2000162c   Section     1836  usbd_conf.o(.bss)
    mem                                      0x20001b38   Data         544  usbd_conf.o(.bss)
    HEAP                                     0x20001d58   Section    51200  startup_stm32f413xx.o(HEAP)
    STACK                                    0x2000e558   Section     1024  startup_stm32f413xx.o(STACK)

    Global Symbols

    Symbol Name                              Value     Ov Type        Size  Object(Section)

    BuildAttributes$$THM_ISAv4$E$P$D$K$B$S$7EM$VFPi3$EXTD16$VFPS$VFMA$PE$A:L22UL41UL21$X:L11$S22US41US21$IEEE1$IW$USESV6$~STKCKD$USESV7$~SHL$OSPACE$ROPI$EBA8$MICROLIB$REQ8$PRES8$EABIv2 0x00000000   Number         0  anon$$obj.o ABSOLUTE
    __ARM_use_no_argv                        0x00000000   Number         0  main.o ABSOLUTE
    __arm_fini_                               - Undefined Weak Reference
    __cpp_initialize__aeabi_                  - Undefined Weak Reference
    __cxa_finalize                            - Undefined Weak Reference
    __decompress                              - Undefined Weak Reference
    _clock_init                               - Undefined Weak Reference
    _microlib_exit                            - Undefined Weak Reference
    __Vectors_Size                           0x000001d8   Number         0  startup_stm32f413xx.o ABSOLUTE
    __Vectors                                0x08000000   Data           4  startup_stm32f413xx.o(RESET)
    __Vectors_End                            0x080001d8   Data           0  startup_stm32f413xx.o(RESET)
    __main                                   0x080001d9   Thumb Code     0  entry.o(.ARM.Collect$$$$00000000)
    _main_stk                                0x080001d9   Thumb Code     0  entry2.o(.ARM.Collect$$$$00000001)
    _main_scatterload                        0x080001dd   Thumb Code     0  entry5.o(.ARM.Collect$$$$00000004)
    __main_after_scatterload                 0x080001e1   Thumb Code     0  entry5.o(.ARM.Collect$$$$00000004)
    _main_clock                              0x080001e1   Thumb Code     0  entry7b.o(.ARM.Collect$$$$00000008)
    _main_cpp_init                           0x080001e1   Thumb Code     0  entry8b.o(.ARM.Collect$$$$0000000A)
    _main_init                               0x080001e1   Thumb Code     0  entry9a.o(.ARM.Collect$$$$0000000B)
    __rt_lib_shutdown_fini                   0x080001e9   Thumb Code     0  entry12b.o(.ARM.Collect$$$$0000000E)
    __rt_final_cpp                           0x080001ed   Thumb Code     0  entry10a.o(.ARM.Collect$$$$0000000F)
    __rt_final_exit                          0x080001ed   Thumb Code     0  entry11a.o(.ARM.Collect$$$$00000011)
    Reset_Handler                            0x080001f1   Thumb Code     8  startup_stm32f413xx.o(.text)
    ADC_IRQHandler                           0x0800020b   Thumb Code     0  startup_stm32f413xx.o(.text)
    CAN1_RX0_IRQHandler                      0x0800020b   Thumb Code     0  startup_stm32f413xx.o(.text)
    CAN1_RX1_IRQHandler                      0x0800020b   Thumb Code     0  startup_stm32f413xx.o(.text)
    CAN1_SCE_IRQHandler                      0x0800020b   Thumb Code     0  startup_stm32f413xx.o(.text)
    CAN1_TX_IRQHandler                       0x0800020b   Thumb Code     0  startup_stm32f413xx.o(.text)
    CAN2_RX0_IRQHandler                      0x0800020b   Thumb Code     0  startup_stm32f413xx.o(.text)
    CAN2_RX1_IRQHandler                      0x0800020b   Thumb Code     0  startup_stm32f413xx.o(.text)
    CAN2_SCE_IRQHandler                      0x0800020b   Thumb Code     0  startup_stm32f413xx.o(.text)
    CAN2_TX_IRQHandler                       0x0800020b   Thumb Code     0  startup_stm32f413xx.o(.text)
    CAN3_RX0_IRQHandler                      0x0800020b   Thumb Code     0  startup_stm32f413xx.o(.text)
    CAN3_RX1_IRQHandler                      0x0800020b   Thumb Code     0  startup_stm32f413xx.o(.text)
    CAN3_SCE_IRQHandler                      0x0800020b   Thumb Code     0  startup_stm32f413xx.o(.text)
    CAN3_TX_IRQHandler                       0x0800020b   Thumb Code     0  startup_stm32f413xx.o(.text)
    DFSDM1_FLT0_IRQHandler                   0x0800020b   Thumb Code     0  startup_stm32f413xx.o(.text)
    DFSDM1_FLT1_IRQHandler                   0x0800020b   Thumb Code     0  startup_stm32f413xx.o(.text)
    DFSDM2_FLT0_IRQHandler                   0x0800020b   Thumb Code     0  startup_stm32f413xx.o(.text)
    DFSDM2_FLT1_IRQHandler                   0x0800020b   Thumb Code     0  startup_stm32f413xx.o(.text)
    DFSDM2_FLT2_IRQHandler                   0x0800020b   Thumb Code     0  startup_stm32f413xx.o(.text)
    DFSDM2_FLT3_IRQHandler                   0x0800020b   Thumb Code     0  startup_stm32f413xx.o(.text)
    DMA1_Stream0_IRQHandler                  0x0800020b   Thumb Code     0  startup_stm32f413xx.o(.text)
    DMA1_Stream1_IRQHandler                  0x0800020b   Thumb Code     0  startup_stm32f413xx.o(.text)
    DMA1_Stream2_IRQHandler                  0x0800020b   Thumb Code     0  startup_stm32f413xx.o(.text)
    DMA1_Stream3_IRQHandler                  0x0800020b   Thumb Code     0  startup_stm32f413xx.o(.text)
    DMA1_Stream4_IRQHandler                  0x0800020b   Thumb Code     0  startup_stm32f413xx.o(.text)
    DMA1_Stream5_IRQHandler                  0x0800020b   Thumb Code     0  startup_stm32f413xx.o(.text)
    DMA1_Stream6_IRQHandler                  0x0800020b   Thumb Code     0  startup_stm32f413xx.o(.text)
    DMA1_Stream7_IRQHandler                  0x0800020b   Thumb Code     0  startup_stm32f413xx.o(.text)
    DMA2_Stream0_IRQHandler                  0x0800020b   Thumb Code     0  startup_stm32f413xx.o(.text)
    DMA2_Stream1_IRQHandler                  0x0800020b   Thumb Code     0  startup_stm32f413xx.o(.text)
    DMA2_Stream2_IRQHandler                  0x0800020b   Thumb Code     0  startup_stm32f413xx.o(.text)
    DMA2_Stream3_IRQHandler                  0x0800020b   Thumb Code     0  startup_stm32f413xx.o(.text)
    DMA2_Stream4_IRQHandler                  0x0800020b   Thumb Code     0  startup_stm32f413xx.o(.text)
    DMA2_Stream5_IRQHandler                  0x0800020b   Thumb Code     0  startup_stm32f413xx.o(.text)
    DMA2_Stream6_IRQHandler                  0x0800020b   Thumb Code     0  startup_stm32f413xx.o(.text)
    DMA2_Stream7_IRQHandler                  0x0800020b   Thumb Code     0  startup_stm32f413xx.o(.text)
    EXTI0_IRQHandler                         0x0800020b   Thumb Code     0  startup_stm32f413xx.o(.text)
    EXTI15_10_IRQHandler                     0x0800020b   Thumb Code     0  startup_stm32f413xx.o(.text)
    EXTI1_IRQHandler                         0x0800020b   Thumb Code     0  startup_stm32f413xx.o(.text)
    EXTI2_IRQHandler                         0x0800020b   Thumb Code     0  startup_stm32f413xx.o(.text)
    EXTI3_IRQHandler                         0x0800020b   Thumb Code     0  startup_stm32f413xx.o(.text)
    EXTI4_IRQHandler                         0x0800020b   Thumb Code     0  startup_stm32f413xx.o(.text)
    EXTI9_5_IRQHandler                       0x0800020b   Thumb Code     0  startup_stm32f413xx.o(.text)
    FLASH_IRQHandler                         0x0800020b   Thumb Code     0  startup_stm32f413xx.o(.text)
    FMPI2C1_ER_IRQHandler                    0x0800020b   Thumb Code     0  startup_stm32f413xx.o(.text)
    FMPI2C1_EV_IRQHandler                    0x0800020b   Thumb Code     0  startup_stm32f413xx.o(.text)
    FPU_IRQHandler                           0x0800020b   Thumb Code     0  startup_stm32f413xx.o(.text)
    FSMC_IRQHandler                          0x0800020b   Thumb Code     0  startup_stm32f413xx.o(.text)
    I2C1_ER_IRQHandler                       0x0800020b   Thumb Code     0  startup_stm32f413xx.o(.text)
    I2C1_EV_IRQHandler                       0x0800020b   Thumb Code     0  startup_stm32f413xx.o(.text)
    I2C2_ER_IRQHandler                       0x0800020b   Thumb Code     0  startup_stm32f413xx.o(.text)
    I2C2_EV_IRQHandler                       0x0800020b   Thumb Code     0  startup_stm32f413xx.o(.text)
    I2C3_ER_IRQHandler                       0x0800020b   Thumb Code     0  startup_stm32f413xx.o(.text)
    I2C3_EV_IRQHandler                       0x0800020b   Thumb Code     0  startup_stm32f413xx.o(.text)
    LPTIM1_IRQHandler                        0x0800020b   Thumb Code     0  startup_stm32f413xx.o(.text)
    OTG_FS_WKUP_IRQHandler                   0x0800020b   Thumb Code     0  startup_stm32f413xx.o(.text)
    PVD_IRQHandler                           0x0800020b   Thumb Code     0  startup_stm32f413xx.o(.text)
    QUADSPI_IRQHandler                       0x0800020b   Thumb Code     0  startup_stm32f413xx.o(.text)
    RCC_IRQHandler                           0x0800020b   Thumb Code     0  startup_stm32f413xx.o(.text)
    RNG_IRQHandler                           0x0800020b   Thumb Code     0  startup_stm32f413xx.o(.text)
    RTC_Alarm_IRQHandler                     0x0800020b   Thumb Code     0  startup_stm32f413xx.o(.text)
    RTC_WKUP_IRQHandler                      0x0800020b   Thumb Code     0  startup_stm32f413xx.o(.text)
    SAI1_IRQHandler                          0x0800020b   Thumb Code     0  startup_stm32f413xx.o(.text)
    SDIO_IRQHandler                          0x0800020b   Thumb Code     0  startup_stm32f413xx.o(.text)
    SPI1_IRQHandler                          0x0800020b   Thumb Code     0  startup_stm32f413xx.o(.text)
    SPI2_IRQHandler                          0x0800020b   Thumb Code     0  startup_stm32f413xx.o(.text)
    SPI3_IRQHandler                          0x0800020b   Thumb Code     0  startup_stm32f413xx.o(.text)
    SPI4_IRQHandler                          0x0800020b   Thumb Code     0  startup_stm32f413xx.o(.text)
    SPI5_IRQHandler                          0x0800020b   Thumb Code     0  startup_stm32f413xx.o(.text)
    TAMP_STAMP_IRQHandler                    0x0800020b   Thumb Code     0  startup_stm32f413xx.o(.text)
    TIM1_BRK_TIM9_IRQHandler                 0x0800020b   Thumb Code     0  startup_stm32f413xx.o(.text)
    TIM1_CC_IRQHandler                       0x0800020b   Thumb Code     0  startup_stm32f413xx.o(.text)
    TIM1_TRG_COM_TIM11_IRQHandler            0x0800020b   Thumb Code     0  startup_stm32f413xx.o(.text)
    TIM1_UP_TIM10_IRQHandler                 0x0800020b   Thumb Code     0  startup_stm32f413xx.o(.text)
    TIM2_IRQHandler                          0x0800020b   Thumb Code     0  startup_stm32f413xx.o(.text)
    TIM3_IRQHandler                          0x0800020b   Thumb Code     0  startup_stm32f413xx.o(.text)
    TIM4_IRQHandler                          0x0800020b   Thumb Code     0  startup_stm32f413xx.o(.text)
    TIM5_IRQHandler                          0x0800020b   Thumb Code     0  startup_stm32f413xx.o(.text)
    TIM6_DAC_IRQHandler                      0x0800020b   Thumb Code     0  startup_stm32f413xx.o(.text)
    TIM7_IRQHandler                          0x0800020b   Thumb Code     0  startup_stm32f413xx.o(.text)
    TIM8_BRK_TIM12_IRQHandler                0x0800020b   Thumb Code     0  startup_stm32f413xx.o(.text)
    TIM8_CC_IRQHandler                       0x0800020b   Thumb Code     0  startup_stm32f413xx.o(.text)
    TIM8_TRG_COM_TIM14_IRQHandler            0x0800020b   Thumb Code     0  startup_stm32f413xx.o(.text)
    TIM8_UP_TIM13_IRQHandler                 0x0800020b   Thumb Code     0  startup_stm32f413xx.o(.text)
    UART10_IRQHandler                        0x0800020b   Thumb Code     0  startup_stm32f413xx.o(.text)
    UART4_IRQHandler                         0x0800020b   Thumb Code     0  startup_stm32f413xx.o(.text)
    UART5_IRQHandler                         0x0800020b   Thumb Code     0  startup_stm32f413xx.o(.text)
    UART7_IRQHandler                         0x0800020b   Thumb Code     0  startup_stm32f413xx.o(.text)
    UART8_IRQHandler                         0x0800020b   Thumb Code     0  startup_stm32f413xx.o(.text)
    UART9_IRQHandler                         0x0800020b   Thumb Code     0  startup_stm32f413xx.o(.text)
    USART1_IRQHandler                        0x0800020b   Thumb Code     0  startup_stm32f413xx.o(.text)
    USART3_IRQHandler                        0x0800020b   Thumb Code     0  startup_stm32f413xx.o(.text)
    USART6_IRQHandler                        0x0800020b   Thumb Code     0  startup_stm32f413xx.o(.text)
    WWDG_IRQHandler                          0x0800020b   Thumb Code     0  startup_stm32f413xx.o(.text)
    __aeabi_uldivmod                         0x08000215   Thumb Code    98  uldiv.o(.text)
    __aeabi_memcpy                           0x08000277   Thumb Code    36  memcpya.o(.text)
    __aeabi_memcpy4                          0x08000277   Thumb Code     0  memcpya.o(.text)
    __aeabi_memcpy8                          0x08000277   Thumb Code     0  memcpya.o(.text)
    __aeabi_memset                           0x0800029b   Thumb Code    14  memseta.o(.text)
    __aeabi_memset4                          0x0800029b   Thumb Code     0  memseta.o(.text)
    __aeabi_memset8                          0x0800029b   Thumb Code     0  memseta.o(.text)
    __aeabi_memclr                           0x080002a9   Thumb Code     4  memseta.o(.text)
    __aeabi_memclr4                          0x080002a9   Thumb Code     0  memseta.o(.text)
    __aeabi_memclr8                          0x080002a9   Thumb Code     0  memseta.o(.text)
    _memset$wrapper                          0x080002ad   Thumb Code    18  memseta.o(.text)
    __aeabi_llsl                             0x080002bf   Thumb Code    30  llshl.o(.text)
    _ll_shift_l                              0x080002bf   Thumb Code     0  llshl.o(.text)
    __aeabi_llsr                             0x080002dd   Thumb Code    32  llushr.o(.text)
    _ll_ushift_r                             0x080002dd   Thumb Code     0  llushr.o(.text)
    __scatterload                            0x080002fd   Thumb Code    28  init.o(.text)
    __scatterload_rt2                        0x080002fd   Thumb Code     0  init.o(.text)
    BusFault_Handler                         0x08000321   Thumb Code     4  stm32f4xx_it.o(i.BusFault_Handler)
    CDC_Transmit_FS                          0x080003b9   Thumb Code    50  usbd_cdc_if.o(i.CDC_Transmit_FS)
    DebugMon_Handler                         0x080003f1   Thumb Code     2  stm32f4xx_it.o(i.DebugMon_Handler)
    Error_Handler                            0x080003f3   Thumb Code     6  main.o(i.Error_Handler)
    HAL_DMA_Abort                            0x0800042d   Thumb Code   172  stm32f4xx_hal_dma.o(i.HAL_DMA_Abort)
    HAL_DMA_Abort_IT                         0x080004d9   Thumb Code    40  stm32f4xx_hal_dma.o(i.HAL_DMA_Abort_IT)
    HAL_Delay                                0x08000501   Thumb Code    36  stm32f4xx_hal.o(i.HAL_Delay)
    HAL_GPIO_Init                            0x08000529   Thumb Code   444  stm32f4xx_hal_gpio.o(i.HAL_GPIO_Init)
    HAL_GetTick                              0x0800070d   Thumb Code     6  stm32f4xx_hal.o(i.HAL_GetTick)
    HAL_IncTick                              0x08000719   Thumb Code    16  stm32f4xx_hal.o(i.HAL_IncTick)
    HAL_Init                                 0x08000731   Thumb Code    54  stm32f4xx_hal.o(i.HAL_Init)
    HAL_InitTick                             0x0800076d   Thumb Code    64  stm32f4xx_hal.o(i.HAL_InitTick)
    HAL_MspInit                              0x080007b9   Thumb Code    68  stm32f4xx_hal_msp.o(i.HAL_MspInit)
    HAL_NVIC_EnableIRQ                       0x08000801   Thumb Code    32  stm32f4xx_hal_cortex.o(i.HAL_NVIC_EnableIRQ)
    HAL_NVIC_SetPriority                     0x08000821   Thumb Code   124  stm32f4xx_hal_cortex.o(i.HAL_NVIC_SetPriority)
    HAL_NVIC_SetPriorityGrouping             0x0800089d   Thumb Code    32  stm32f4xx_hal_cortex.o(i.HAL_NVIC_SetPriorityGrouping)
    HAL_PCDEx_ActivateLPM                    0x080008c5   Thumb Code    36  stm32f4xx_hal_pcd_ex.o(i.HAL_PCDEx_ActivateLPM)
    HAL_PCDEx_LPM_Callback                   0x080008ed   Thumb Code     2  stm32f4xx_hal_pcd_ex.o(i.HAL_PCDEx_LPM_Callback)
    HAL_PCDEx_SetRxFiFo                      0x080008ef   Thumb Code    10  stm32f4xx_hal_pcd_ex.o(i.HAL_PCDEx_SetRxFiFo)
    HAL_PCDEx_SetTxFiFo                      0x080008f9   Thumb Code    78  stm32f4xx_hal_pcd_ex.o(i.HAL_PCDEx_SetTxFiFo)
    HAL_PCD_ConnectCallback                  0x08000947   Thumb Code    14  usbd_conf.o(i.HAL_PCD_ConnectCallback)
    HAL_PCD_DataInStageCallback              0x08000955   Thumb Code    32  usbd_conf.o(i.HAL_PCD_DataInStageCallback)
    HAL_PCD_DataOutStageCallback             0x08000975   Thumb Code    32  usbd_conf.o(i.HAL_PCD_DataOutStageCallback)
    HAL_PCD_DisconnectCallback               0x08000995   Thumb Code    14  usbd_conf.o(i.HAL_PCD_DisconnectCallback)
    HAL_PCD_EP_Abort                         0x080009a3   Thumb Code    66  stm32f4xx_hal_pcd.o(i.HAL_PCD_EP_Abort)
    HAL_PCD_EP_Close                         0x080009e5   Thumb Code   106  stm32f4xx_hal_pcd.o(i.HAL_PCD_EP_Close)
    HAL_PCD_EP_ClrStall                      0x08000a4f   Thumb Code   124  stm32f4xx_hal_pcd.o(i.HAL_PCD_EP_ClrStall)
    HAL_PCD_EP_GetRxCount                    0x08000acb   Thumb Code    22  stm32f4xx_hal_pcd.o(i.HAL_PCD_EP_GetRxCount)
    HAL_PCD_EP_Open                          0x08000ae1   Thumb Code   140  stm32f4xx_hal_pcd.o(i.HAL_PCD_EP_Open)
    HAL_PCD_EP_Receive                       0x08000b6d   Thumb Code    88  stm32f4xx_hal_pcd.o(i.HAL_PCD_EP_Receive)
    HAL_PCD_EP_SetStall                      0x08000bc5   Thumb Code   138  stm32f4xx_hal_pcd.o(i.HAL_PCD_EP_SetStall)
    HAL_PCD_EP_Transmit                      0x08000c4f   Thumb Code    90  stm32f4xx_hal_pcd.o(i.HAL_PCD_EP_Transmit)
    HAL_PCD_IRQHandler                       0x08000ca9   Thumb Code  1806  stm32f4xx_hal_pcd.o(i.HAL_PCD_IRQHandler)
    HAL_PCD_ISOINIncompleteCallback          0x080013b7   Thumb Code    18  usbd_conf.o(i.HAL_PCD_ISOINIncompleteCallback)
    HAL_PCD_ISOOUTIncompleteCallback         0x080013c9   Thumb Code    18  usbd_conf.o(i.HAL_PCD_ISOOUTIncompleteCallback)
    HAL_PCD_Init                             0x080013db   Thumb Code   370  stm32f4xx_hal_pcd.o(i.HAL_PCD_Init)
    HAL_PCD_MspInit                          0x0800154d   Thumb Code   188  usbd_conf.o(i.HAL_PCD_MspInit)
    HAL_PCD_ResetCallback                    0x08001611   Thumb Code    36  usbd_conf.o(i.HAL_PCD_ResetCallback)
    HAL_PCD_ResumeCallback                   0x08001635   Thumb Code    14  usbd_conf.o(i.HAL_PCD_ResumeCallback)
    HAL_PCD_SOFCallback                      0x08001643   Thumb Code    14  usbd_conf.o(i.HAL_PCD_SOFCallback)
    HAL_PCD_SetAddress                       0x08001651   Thumb Code    54  stm32f4xx_hal_pcd.o(i.HAL_PCD_SetAddress)
    HAL_PCD_SetupStageCallback               0x08001687   Thumb Code    18  usbd_conf.o(i.HAL_PCD_SetupStageCallback)
    HAL_PCD_Start                            0x08001699   Thumb Code    74  stm32f4xx_hal_pcd.o(i.HAL_PCD_Start)
    HAL_PCD_SuspendCallback                  0x080016e5   Thumb Code    46  usbd_conf.o(i.HAL_PCD_SuspendCallback)
    HAL_RCCEx_PeriphCLKConfig                0x08001719   Thumb Code  1094  stm32f4xx_hal_rcc_ex.o(i.HAL_RCCEx_PeriphCLKConfig)
    HAL_RCC_ClockConfig                      0x08001b65   Thumb Code   368  stm32f4xx_hal_rcc.o(i.HAL_RCC_ClockConfig)
    HAL_RCC_GetHCLKFreq                      0x08001ce9   Thumb Code     6  stm32f4xx_hal_rcc.o(i.HAL_RCC_GetHCLKFreq)
    HAL_RCC_GetPCLK1Freq                     0x08001cf5   Thumb Code    22  stm32f4xx_hal_rcc.o(i.HAL_RCC_GetPCLK1Freq)
    HAL_RCC_GetPCLK2Freq                     0x08001d15   Thumb Code    22  stm32f4xx_hal_rcc.o(i.HAL_RCC_GetPCLK2Freq)
    HAL_RCC_GetSysClockFreq                  0x08001d35   Thumb Code   162  stm32f4xx_hal_rcc.o(i.HAL_RCC_GetSysClockFreq)
    HAL_RCC_OscConfig                        0x08001de5   Thumb Code  1192  stm32f4xx_hal_rcc_ex.o(i.HAL_RCC_OscConfig)
    HAL_SYSTICK_Config                       0x08002295   Thumb Code    52  stm32f4xx_hal_cortex.o(i.HAL_SYSTICK_Config)
    HAL_UARTEx_RxEventCallback               0x080022c9   Thumb Code     2  stm32f4xx_hal_uart.o(i.HAL_UARTEx_RxEventCallback)
    HAL_UART_ErrorCallback                   0x080022cb   Thumb Code     2  stm32f4xx_hal_uart.o(i.HAL_UART_ErrorCallback)
    HAL_UART_IRQHandler                      0x080022cd   Thumb Code   732  stm32f4xx_hal_uart.o(i.HAL_UART_IRQHandler)
    HAL_UART_Init                            0x080025ad   Thumb Code   114  stm32f4xx_hal_uart.o(i.HAL_UART_Init)
    HAL_UART_MspInit                         0x08002621   Thumb Code   138  usart.o(i.HAL_UART_MspInit)
    HAL_UART_RxCpltCallback                  0x080026b9   Thumb Code     2  stm32f4xx_hal_uart.o(i.HAL_UART_RxCpltCallback)
    HAL_UART_TxCpltCallback                  0x080026bb   Thumb Code     2  stm32f4xx_hal_uart.o(i.HAL_UART_TxCpltCallback)
    HardFault_Handler                        0x080026bd   Thumb Code     4  stm32f4xx_it.o(i.HardFault_Handler)
    MX_GPIO_Init                             0x08002701   Thumb Code    66  gpio.o(i.MX_GPIO_Init)
    MX_USART2_UART_Init                      0x08002749   Thumb Code    46  usart.o(i.MX_USART2_UART_Init)
    MX_USB_DEVICE_Init                       0x08002781   Thumb Code    60  usb_device.o(i.MX_USB_DEVICE_Init)
    MemManage_Handler                        0x080027cd   Thumb Code     4  stm32f4xx_it.o(i.MemManage_Handler)
    NMI_Handler                              0x080027d1   Thumb Code     4  stm32f4xx_it.o(i.NMI_Handler)
    OTG_FS_IRQHandler                        0x080027d5   Thumb Code    10  stm32f4xx_it.o(i.OTG_FS_IRQHandler)
    PendSV_Handler                           0x08002a43   Thumb Code     2  stm32f4xx_it.o(i.PendSV_Handler)
    SVC_Handler                              0x08002a45   Thumb Code     2  stm32f4xx_it.o(i.SVC_Handler)
    SysTick_Handler                          0x08002a59   Thumb Code     8  stm32f4xx_it.o(i.SysTick_Handler)
    SystemClock_Config                       0x08002a61   Thumb Code   172  main.o(i.SystemClock_Config)
    SystemInit                               0x08002b15   Thumb Code    14  system_stm32f4xx.o(i.SystemInit)
    USART2_IRQHandler                        0x08002f65   Thumb Code    10  stm32f4xx_it.o(i.USART2_IRQHandler)
    USBD_CDC_GetDeviceQualifierDescriptor    0x080031a5   Thumb Code    10  usbd_cdc.o(i.USBD_CDC_GetDeviceQualifierDescriptor)
    USBD_CDC_ReceivePacket                   0x08003425   Thumb Code    74  usbd_cdc.o(i.USBD_CDC_ReceivePacket)
    USBD_CDC_RegisterInterface               0x08003475   Thumb Code    24  usbd_cdc.o(i.USBD_CDC_RegisterInterface)
    USBD_CDC_SetRxBuffer                     0x0800348d   Thumb Code    30  usbd_cdc.o(i.USBD_CDC_SetRxBuffer)
    USBD_CDC_SetTxBuffer                     0x080034ab   Thumb Code    36  usbd_cdc.o(i.USBD_CDC_SetTxBuffer)
    USBD_CDC_TransmitPacket                  0x08003611   Thumb Code    94  usbd_cdc.o(i.USBD_CDC_TransmitPacket)
    USBD_ClrClassConfig                      0x08003675   Thumb Code    28  usbd_core.o(i.USBD_ClrClassConfig)
    USBD_CoreFindEP                          0x080036cf   Thumb Code     6  usbd_core.o(i.USBD_CoreFindEP)
    USBD_CoreFindIF                          0x080036d5   Thumb Code     6  usbd_core.o(i.USBD_CoreFindIF)
    USBD_CtlContinueRx                       0x080036db   Thumb Code    24  usbd_ioreq.o(i.USBD_CtlContinueRx)
    USBD_CtlContinueSendData                 0x080036f3   Thumb Code    24  usbd_ioreq.o(i.USBD_CtlContinueSendData)
    USBD_CtlError                            0x0800370b   Thumb Code    24  usbd_ctlreq.o(i.USBD_CtlError)
    USBD_CtlPrepareRx                        0x08003723   Thumb Code    40  usbd_ioreq.o(i.USBD_CtlPrepareRx)
    USBD_CtlReceiveStatus                    0x0800374b   Thumb Code    26  usbd_ioreq.o(i.USBD_CtlReceiveStatus)
    USBD_CtlSendData                         0x08003765   Thumb Code    34  usbd_ioreq.o(i.USBD_CtlSendData)
    USBD_CtlSendStatus                       0x08003787   Thumb Code    26  usbd_ioreq.o(i.USBD_CtlSendStatus)
    USBD_FS_ConfigStrDescriptor              0x080037a1   Thumb Code    34  usbd_desc.o(i.USBD_FS_ConfigStrDescriptor)
    USBD_FS_DeviceDescriptor                 0x080037d5   Thumb Code    10  usbd_desc.o(i.USBD_FS_DeviceDescriptor)
    USBD_FS_InterfaceStrDescriptor           0x080037e5   Thumb Code    34  usbd_desc.o(i.USBD_FS_InterfaceStrDescriptor)
    USBD_FS_LangIDStrDescriptor              0x0800381d   Thumb Code    10  usbd_desc.o(i.USBD_FS_LangIDStrDescriptor)
    USBD_FS_ManufacturerStrDescriptor        0x0800382d   Thumb Code    20  usbd_desc.o(i.USBD_FS_ManufacturerStrDescriptor)
    USBD_FS_ProductStrDescriptor             0x08003859   Thumb Code    34  usbd_desc.o(i.USBD_FS_ProductStrDescriptor)
    USBD_FS_SerialStrDescriptor              0x08003899   Thumb Code    18  usbd_desc.o(i.USBD_FS_SerialStrDescriptor)
    USBD_GetEpDesc                           0x08003b03   Thumb Code    80  usbd_core.o(i.USBD_GetEpDesc)
    USBD_GetNextDesc                         0x08003b69   Thumb Code    20  usbd_core.o(i.USBD_GetNextDesc)
    USBD_GetString                           0x08003bd7   Thumb Code    84  usbd_ctlreq.o(i.USBD_GetString)
    USBD_Get_USB_Status                      0x08003c2b   Thumb Code    44  usbd_conf.o(i.USBD_Get_USB_Status)
    USBD_Init                                0x08003c57   Thumb Code    58  usbd_core.o(i.USBD_Init)
    USBD_LL_ClearStallEP                     0x08003c91   Thumb Code    38  usbd_conf.o(i.USBD_LL_ClearStallEP)
    USBD_LL_CloseEP                          0x08003cb7   Thumb Code    38  usbd_conf.o(i.USBD_LL_CloseEP)
    USBD_LL_DataInStage                      0x08003cdd   Thumb Code   264  usbd_core.o(i.USBD_LL_DataInStage)
    USBD_LL_DataOutStage                     0x08003de5   Thumb Code   258  usbd_core.o(i.USBD_LL_DataOutStage)
    USBD_LL_DevConnected                     0x08003ee7   Thumb Code     6  usbd_core.o(i.USBD_LL_DevConnected)
    USBD_LL_DevDisconnected                  0x08003eed   Thumb Code    38  usbd_core.o(i.USBD_LL_DevDisconnected)
    USBD_LL_GetRxDataSize                    0x08003f13   Thumb Code    18  usbd_conf.o(i.USBD_LL_GetRxDataSize)
    USBD_LL_Init                             0x08003f25   Thumb Code   102  usbd_conf.o(i.USBD_LL_Init)
    USBD_LL_IsStallEP                        0x08003f91   Thumb Code    56  usbd_conf.o(i.USBD_LL_IsStallEP)
    USBD_LL_IsoINIncomplete                  0x08003fc9   Thumb Code    72  usbd_core.o(i.USBD_LL_IsoINIncomplete)
    USBD_LL_IsoOUTIncomplete                 0x08004011   Thumb Code    72  usbd_core.o(i.USBD_LL_IsoOUTIncomplete)
    USBD_LL_OpenEP                           0x08004059   Thumb Code    48  usbd_conf.o(i.USBD_LL_OpenEP)
    USBD_LL_PrepareReceive                   0x08004089   Thumb Code    48  usbd_conf.o(i.USBD_LL_PrepareReceive)
    USBD_LL_Reset                            0x080040b9   Thumb Code   108  usbd_core.o(i.USBD_LL_Reset)
    USBD_LL_Resume                           0x08004125   Thumb Code    22  usbd_core.o(i.USBD_LL_Resume)
    USBD_LL_SOF                              0x0800413b   Thumb Code    40  usbd_core.o(i.USBD_LL_SOF)
    USBD_LL_SetSpeed                         0x08004163   Thumb Code     8  usbd_core.o(i.USBD_LL_SetSpeed)
    USBD_LL_SetUSBAddress                    0x0800416b   Thumb Code    38  usbd_conf.o(i.USBD_LL_SetUSBAddress)
    USBD_LL_SetupStage                       0x08004191   Thumb Code   118  usbd_core.o(i.USBD_LL_SetupStage)
    USBD_LL_StallEP                          0x08004207   Thumb Code    38  usbd_conf.o(i.USBD_LL_StallEP)
    USBD_LL_Start                            0x0800422d   Thumb Code    30  usbd_conf.o(i.USBD_LL_Start)
    USBD_LL_Suspend                          0x0800424b   Thumb Code    20  usbd_core.o(i.USBD_LL_Suspend)
    USBD_LL_Transmit                         0x0800425f   Thumb Code    48  usbd_conf.o(i.USBD_LL_Transmit)
    USBD_ParseSetupRequest                   0x0800428f   Thumb Code    54  usbd_ctlreq.o(i.USBD_ParseSetupRequest)
    USBD_RegisterClass                       0x080042c5   Thumb Code    72  usbd_core.o(i.USBD_RegisterClass)
    USBD_RunTestMode                         0x0800430d   Thumb Code     6  usbd_core.o(i.USBD_RunTestMode)
    USBD_SetClassConfig                      0x0800436d   Thumb Code    32  usbd_core.o(i.USBD_SetClassConfig)
    USBD_Start                               0x080044c9   Thumb Code    12  usbd_core.o(i.USBD_Start)
    USBD_StdDevReq                           0x080044d5   Thumb Code   174  usbd_ctlreq.o(i.USBD_StdDevReq)
    USBD_StdEPReq                            0x08004583   Thumb Code   640  usbd_ctlreq.o(i.USBD_StdEPReq)
    USBD_StdItfReq                           0x08004803   Thumb Code   174  usbd_ctlreq.o(i.USBD_StdItfReq)
    USBD_static_free                         0x080048b1   Thumb Code     2  usbd_conf.o(i.USBD_static_free)
    USBD_static_malloc                       0x080048b5   Thumb Code     6  usbd_conf.o(i.USBD_static_malloc)
    USB_ActivateEndpoint                     0x080048c1   Thumb Code   202  stm32f4xx_ll_usb.o(i.USB_ActivateEndpoint)
    USB_ActivateSetup                        0x08004991   Thumb Code    40  stm32f4xx_ll_usb.o(i.USB_ActivateSetup)
    USB_CoreInit                             0x080049b9   Thumb Code   128  stm32f4xx_ll_usb.o(i.USB_CoreInit)
    USB_DeactivateEndpoint                   0x08004a95   Thumb Code   318  stm32f4xx_ll_usb.o(i.USB_DeactivateEndpoint)
    USB_DevConnect                           0x08004be1   Thumb Code    36  stm32f4xx_ll_usb.o(i.USB_DevConnect)
    USB_DevDisconnect                        0x08004c05   Thumb Code    36  stm32f4xx_ll_usb.o(i.USB_DevDisconnect)
    USB_DevInit                              0x08004c29   Thumb Code   464  stm32f4xx_ll_usb.o(i.USB_DevInit)
    USB_DisableGlobalInt                     0x08004e01   Thumb Code    14  stm32f4xx_ll_usb.o(i.USB_DisableGlobalInt)
    USB_EP0StartXfer                         0x08004e11   Thumb Code   472  stm32f4xx_ll_usb.o(i.USB_EP0StartXfer)
    USB_EP0_OutStart                         0x08004fed   Thumb Code   106  stm32f4xx_ll_usb.o(i.USB_EP0_OutStart)
    USB_EPClearStall                         0x0800505d   Thumb Code   142  stm32f4xx_ll_usb.o(i.USB_EPClearStall)
    USB_EPSetStall                           0x080050eb   Thumb Code   154  stm32f4xx_ll_usb.o(i.USB_EPSetStall)
    USB_EPStartXfer                          0x08005185   Thumb Code   836  stm32f4xx_ll_usb.o(i.USB_EPStartXfer)
    USB_EPStopXfer                           0x080054cd   Thumb Code   236  stm32f4xx_ll_usb.o(i.USB_EPStopXfer)
    USB_EnableGlobalInt                      0x080055b9   Thumb Code    14  stm32f4xx_ll_usb.o(i.USB_EnableGlobalInt)
    USB_FlushRxFifo                          0x080055c9   Thumb Code    80  stm32f4xx_ll_usb.o(i.USB_FlushRxFifo)
    USB_FlushTxFifo                          0x0800561d   Thumb Code    84  stm32f4xx_ll_usb.o(i.USB_FlushTxFifo)
    USB_GetDevSpeed                          0x08005675   Thumb Code    38  stm32f4xx_ll_usb.o(i.USB_GetDevSpeed)
    USB_GetMode                              0x0800569b   Thumb Code    10  stm32f4xx_ll_usb.o(i.USB_GetMode)
    USB_ReadDevAllInEpInterrupt              0x080056a5   Thumb Code    20  stm32f4xx_ll_usb.o(i.USB_ReadDevAllInEpInterrupt)
    USB_ReadDevAllOutEpInterrupt             0x080056b9   Thumb Code    20  stm32f4xx_ll_usb.o(i.USB_ReadDevAllOutEpInterrupt)
    USB_ReadDevInEPInterrupt                 0x080056cd   Thumb Code    50  stm32f4xx_ll_usb.o(i.USB_ReadDevInEPInterrupt)
    USB_ReadDevOutEPInterrupt                0x080056ff   Thumb Code    26  stm32f4xx_ll_usb.o(i.USB_ReadDevOutEPInterrupt)
    USB_ReadInterrupts                       0x08005719   Thumb Code    10  stm32f4xx_ll_usb.o(i.USB_ReadInterrupts)
    USB_ReadPacket                           0x08005723   Thumb Code    96  stm32f4xx_ll_usb.o(i.USB_ReadPacket)
    USB_SetCurrentMode                       0x08005783   Thumb Code   104  stm32f4xx_ll_usb.o(i.USB_SetCurrentMode)
    USB_SetDevAddress                        0x080057eb   Thumb Code    42  stm32f4xx_ll_usb.o(i.USB_SetDevAddress)
    USB_SetDevSpeed                          0x08005815   Thumb Code    18  stm32f4xx_ll_usb.o(i.USB_SetDevSpeed)
    USB_SetTurnaroundTime                    0x08005829   Thumb Code   192  stm32f4xx_ll_usb.o(i.USB_SetTurnaroundTime)
    USB_WritePacket                          0x08005911   Thumb Code    68  stm32f4xx_ll_usb.o(i.USB_WritePacket)
    UsageFault_Handler                       0x08005955   Thumb Code     4  stm32f4xx_it.o(i.UsageFault_Handler)
    __scatterload_copy                       0x08005991   Thumb Code    14  handlers.o(i.__scatterload_copy)
    __scatterload_null                       0x0800599f   Thumb Code     2  handlers.o(i.__scatterload_null)
    __scatterload_zeroinit                   0x080059a1   Thumb Code    14  handlers.o(i.__scatterload_zeroinit)
    free                                     0x080059b1   Thumb Code    76  malloc.o(i.free)
    main                                     0x08005a01   Thumb Code    90  main.o(i.main)
    malloc                                   0x08005a5d   Thumb Code    92  malloc.o(i.malloc)
    AHBPrescTable                            0x08005ac8   Data          16  system_stm32f4xx.o(.constdata)
    APBPrescTable                            0x08005ad8   Data           8  system_stm32f4xx.o(.constdata)
    Region$$Table$$Base                      0x08005ae0   Number         0  anon$$obj.o(Region$$Table)
    Region$$Table$$Limit                     0x08005b00   Number         0  anon$$obj.o(Region$$Table)
    uwTick                                   0x20000000   Data           4  stm32f4xx_hal.o(.data)
    uwTickPrio                               0x20000004   Data           4  stm32f4xx_hal.o(.data)
    uwTickFreq                               0x20000008   Data           1  stm32f4xx_hal.o(.data)
    SystemCoreClock                          0x2000000c   Data           4  system_stm32f4xx.o(.data)
    FS_Desc                                  0x20000010   Data          28  usbd_desc.o(.data)
    USBD_FS_DeviceDesc                       0x2000002c   Data          18  usbd_desc.o(.data)
    USBD_LangIDDesc                          0x20000040   Data           4  usbd_desc.o(.data)
    USBD_StringSerial                        0x20000044   Data          26  usbd_desc.o(.data)
    USBD_Interface_fops_FS                   0x20000060   Data          20  usbd_cdc_if.o(.data)
    USBD_CDC                                 0x20000084   Data          56  usbd_cdc.o(.data)
    __microlib_freelist                      0x20000104   Data           4  mvars.o(.data)
    __microlib_freelist_initialised          0x20000108   Data           4  mvars.o(.data)
    huart2                                   0x2000010c   Data          68  usart.o(.bss)
    hUsbDeviceFS                             0x20000150   Data         732  usb_device.o(.bss)
    USBD_StrDesc                             0x2000042c   Data         512  usbd_desc.o(.bss)
    UserRxBufferFS                           0x2000062c   Data        2048  usbd_cdc_if.o(.bss)
    UserTxBufferFS                           0x20000e2c   Data        2048  usbd_cdc_if.o(.bss)
    hpcd_USB_OTG_FS                          0x2000162c   Data        1292  usbd_conf.o(.bss)
    __heap_base                              0x20001d58   Data           0  startup_stm32f413xx.o(HEAP)
    __heap_limit                             0x2000e558   Data           0  startup_stm32f413xx.o(HEAP)
    __initial_sp                             0x2000e958   Data           0  startup_stm32f413xx.o(STACK)



==============================================================================

Memory Map of the image

  Image Entry point : 0x080001d9

  Load Region LR_IROM1 (Base: 0x08000000, Size: 0x00005c0c, Max: 0x00100000, ABSOLUTE)

    Execution Region ER_IROM1 (Exec base: 0x08000000, Load base: 0x08000000, Size: 0x00005b00, Max: 0x00100000, ABSOLUTE)

    Exec Addr    Load Addr    Size         Type   Attr      Idx    E Section Name        Object

    0x08000000   0x08000000   0x000001d8   Data   RO            3    RESET               startup_stm32f413xx.o
    0x080001d8   0x080001d8   0x00000000   Code   RO         3528  * .ARM.Collect$$$$00000000  mc_w.l(entry.o)
    0x080001d8   0x080001d8   0x00000004   Code   RO         3597    .ARM.Collect$$$$00000001  mc_w.l(entry2.o)
    0x080001dc   0x080001dc   0x00000004   Code   RO         3600    .ARM.Collect$$$$00000004  mc_w.l(entry5.o)
    0x080001e0   0x080001e0   0x00000000   Code   RO         3602    .ARM.Collect$$$$00000008  mc_w.l(entry7b.o)
    0x080001e0   0x080001e0   0x00000000   Code   RO         3604    .ARM.Collect$$$$0000000A  mc_w.l(entry8b.o)
    0x080001e0   0x080001e0   0x00000008   Code   RO         3605    .ARM.Collect$$$$0000000B  mc_w.l(entry9a.o)
    0x080001e8   0x080001e8   0x00000004   Code   RO         3612    .ARM.Collect$$$$0000000E  mc_w.l(entry12b.o)
    0x080001ec   0x080001ec   0x00000000   Code   RO         3607    .ARM.Collect$$$$0000000F  mc_w.l(entry10a.o)
    0x080001ec   0x080001ec   0x00000000   Code   RO         3609    .ARM.Collect$$$$00000011  mc_w.l(entry11a.o)
    0x080001ec   0x080001ec   0x00000004   Code   RO         3598    .ARM.Collect$$$$00002712  mc_w.l(entry2.o)
    0x080001f0   0x080001f0   0x00000024   Code   RO            4    .text               startup_stm32f413xx.o
    0x08000214   0x08000214   0x00000062   Code   RO         3531    .text               mc_w.l(uldiv.o)
    0x08000276   0x08000276   0x00000024   Code   RO         3533    .text               mc_w.l(memcpya.o)
    0x0800029a   0x0800029a   0x00000024   Code   RO         3535    .text               mc_w.l(memseta.o)
    0x080002be   0x080002be   0x0000001e   Code   RO         3616    .text               mc_w.l(llshl.o)
    0x080002dc   0x080002dc   0x00000020   Code   RO         3618    .text               mc_w.l(llushr.o)
    0x080002fc   0x080002fc   0x00000024   Code   RO         3633    .text               mc_w.l(init.o)
    0x08000320   0x08000320   0x00000004   Code   RO          280    i.BusFault_Handler  stm32f4xx_it.o
    0x08000324   0x08000324   0x00000044   Code   RO         2837    i.CDC_Control_FS    usbd_cdc_if.o
    0x08000368   0x08000368   0x00000004   Code   RO         2838    i.CDC_DeInit_FS     usbd_cdc_if.o
    0x0800036c   0x0800036c   0x00000024   Code   RO         2839    i.CDC_Init_FS       usbd_cdc_if.o
    0x08000390   0x08000390   0x0000001c   Code   RO         2840    i.CDC_Receive_FS    usbd_cdc_if.o
    0x080003ac   0x080003ac   0x0000000c   Code   RO         2841    i.CDC_TransmitCplt_FS  usbd_cdc_if.o
    0x080003b8   0x080003b8   0x00000038   Code   RO         2842    i.CDC_Transmit_FS   usbd_cdc_if.o
    0x080003f0   0x080003f0   0x00000002   Code   RO          281    i.DebugMon_Handler  stm32f4xx_it.o
    0x080003f2   0x080003f2   0x00000006   Code   RO           13    i.Error_Handler     main.o
    0x080003f8   0x080003f8   0x00000034   Code   RO         2747    i.Get_SerialNum     usbd_desc.o
    0x0800042c   0x0800042c   0x000000ac   Code   RO         1577    i.HAL_DMA_Abort     stm32f4xx_hal_dma.o
    0x080004d8   0x080004d8   0x00000028   Code   RO         1578    i.HAL_DMA_Abort_IT  stm32f4xx_hal_dma.o
    0x08000500   0x08000500   0x00000028   Code   RO         2025    i.HAL_Delay         stm32f4xx_hal.o
    0x08000528   0x08000528   0x000001e4   Code   RO         1470    i.HAL_GPIO_Init     stm32f4xx_hal_gpio.o
    0x0800070c   0x0800070c   0x0000000c   Code   RO         2031    i.HAL_GetTick       stm32f4xx_hal.o
    0x08000718   0x08000718   0x00000018   Code   RO         2037    i.HAL_IncTick       stm32f4xx_hal.o
    0x08000730   0x08000730   0x0000003c   Code   RO         2038    i.HAL_Init          stm32f4xx_hal.o
    0x0800076c   0x0800076c   0x0000004c   Code   RO         2039    i.HAL_InitTick      stm32f4xx_hal.o
    0x080007b8   0x080007b8   0x00000048   Code   RO          368    i.HAL_MspInit       stm32f4xx_hal_msp.o
    0x08000800   0x08000800   0x00000020   Code   RO         1883    i.HAL_NVIC_EnableIRQ  stm32f4xx_hal_cortex.o
    0x08000820   0x08000820   0x0000007c   Code   RO         1889    i.HAL_NVIC_SetPriority  stm32f4xx_hal_cortex.o
    0x0800089c   0x0800089c   0x00000028   Code   RO         1890    i.HAL_NVIC_SetPriorityGrouping  stm32f4xx_hal_cortex.o
    0x080008c4   0x080008c4   0x00000028   Code   RO          636    i.HAL_PCDEx_ActivateLPM  stm32f4xx_hal_pcd_ex.o
    0x080008ec   0x080008ec   0x00000002   Code   RO          641    i.HAL_PCDEx_LPM_Callback  stm32f4xx_hal_pcd_ex.o
    0x080008ee   0x080008ee   0x0000000a   Code   RO          642    i.HAL_PCDEx_SetRxFiFo  stm32f4xx_hal_pcd_ex.o
    0x080008f8   0x080008f8   0x0000004e   Code   RO          643    i.HAL_PCDEx_SetTxFiFo  stm32f4xx_hal_pcd_ex.o
    0x08000946   0x08000946   0x0000000e   Code   RO         2894    i.HAL_PCD_ConnectCallback  usbd_conf.o
    0x08000954   0x08000954   0x00000020   Code   RO         2895    i.HAL_PCD_DataInStageCallback  usbd_conf.o
    0x08000974   0x08000974   0x00000020   Code   RO         2896    i.HAL_PCD_DataOutStageCallback  usbd_conf.o
    0x08000994   0x08000994   0x0000000e   Code   RO         2897    i.HAL_PCD_DisconnectCallback  usbd_conf.o
    0x080009a2   0x080009a2   0x00000042   Code   RO          401    i.HAL_PCD_EP_Abort  stm32f4xx_hal_pcd.o
    0x080009e4   0x080009e4   0x0000006a   Code   RO          402    i.HAL_PCD_EP_Close  stm32f4xx_hal_pcd.o
    0x08000a4e   0x08000a4e   0x0000007c   Code   RO          403    i.HAL_PCD_EP_ClrStall  stm32f4xx_hal_pcd.o
    0x08000aca   0x08000aca   0x00000016   Code   RO          405    i.HAL_PCD_EP_GetRxCount  stm32f4xx_hal_pcd.o
    0x08000ae0   0x08000ae0   0x0000008c   Code   RO          406    i.HAL_PCD_EP_Open   stm32f4xx_hal_pcd.o
    0x08000b6c   0x08000b6c   0x00000058   Code   RO          407    i.HAL_PCD_EP_Receive  stm32f4xx_hal_pcd.o
    0x08000bc4   0x08000bc4   0x0000008a   Code   RO          408    i.HAL_PCD_EP_SetStall  stm32f4xx_hal_pcd.o
    0x08000c4e   0x08000c4e   0x0000005a   Code   RO          409    i.HAL_PCD_EP_Transmit  stm32f4xx_hal_pcd.o
    0x08000ca8   0x08000ca8   0x0000070e   Code   RO          411    i.HAL_PCD_IRQHandler  stm32f4xx_hal_pcd.o
    0x080013b6   0x080013b6   0x00000012   Code   RO         2898    i.HAL_PCD_ISOINIncompleteCallback  usbd_conf.o
    0x080013c8   0x080013c8   0x00000012   Code   RO         2899    i.HAL_PCD_ISOOUTIncompleteCallback  usbd_conf.o
    0x080013da   0x080013da   0x00000172   Code   RO          414    i.HAL_PCD_Init      stm32f4xx_hal_pcd.o
    0x0800154c   0x0800154c   0x000000c4   Code   RO         2901    i.HAL_PCD_MspInit   usbd_conf.o
    0x08001610   0x08001610   0x00000024   Code   RO         2902    i.HAL_PCD_ResetCallback  usbd_conf.o
    0x08001634   0x08001634   0x0000000e   Code   RO         2903    i.HAL_PCD_ResumeCallback  usbd_conf.o
    0x08001642   0x08001642   0x0000000e   Code   RO         2904    i.HAL_PCD_SOFCallback  usbd_conf.o
    0x08001650   0x08001650   0x00000036   Code   RO          420    i.HAL_PCD_SetAddress  stm32f4xx_hal_pcd.o
    0x08001686   0x08001686   0x00000012   Code   RO         2905    i.HAL_PCD_SetupStageCallback  usbd_conf.o
    0x08001698   0x08001698   0x0000004a   Code   RO          423    i.HAL_PCD_Start     stm32f4xx_hal_pcd.o
    0x080016e2   0x080016e2   0x00000002   PAD
    0x080016e4   0x080016e4   0x00000034   Code   RO         2906    i.HAL_PCD_SuspendCallback  usbd_conf.o
    0x08001718   0x08001718   0x0000044c   Code   RO         1124    i.HAL_RCCEx_PeriphCLKConfig  stm32f4xx_hal_rcc_ex.o
    0x08001b64   0x08001b64   0x00000184   Code   RO         1019    i.HAL_RCC_ClockConfig  stm32f4xx_hal_rcc.o
    0x08001ce8   0x08001ce8   0x0000000c   Code   RO         1024    i.HAL_RCC_GetHCLKFreq  stm32f4xx_hal_rcc.o
    0x08001cf4   0x08001cf4   0x00000020   Code   RO         1026    i.HAL_RCC_GetPCLK1Freq  stm32f4xx_hal_rcc.o
    0x08001d14   0x08001d14   0x00000020   Code   RO         1027    i.HAL_RCC_GetPCLK2Freq  stm32f4xx_hal_rcc.o
    0x08001d34   0x08001d34   0x000000b0   Code   RO         1028    i.HAL_RCC_GetSysClockFreq  stm32f4xx_hal_rcc.o
    0x08001de4   0x08001de4   0x000004b0   Code   RO         1128    i.HAL_RCC_OscConfig  stm32f4xx_hal_rcc_ex.o
    0x08002294   0x08002294   0x00000034   Code   RO         1894    i.HAL_SYSTICK_Config  stm32f4xx_hal_cortex.o
    0x080022c8   0x080022c8   0x00000002   Code   RO         2323    i.HAL_UARTEx_RxEventCallback  stm32f4xx_hal_uart.o
    0x080022ca   0x080022ca   0x00000002   Code   RO         2337    i.HAL_UART_ErrorCallback  stm32f4xx_hal_uart.o
    0x080022cc   0x080022cc   0x000002e0   Code   RO         2340    i.HAL_UART_IRQHandler  stm32f4xx_hal_uart.o
    0x080025ac   0x080025ac   0x00000072   Code   RO         2341    i.HAL_UART_Init     stm32f4xx_hal_uart.o
    0x0800261e   0x0800261e   0x00000002   PAD
    0x08002620   0x08002620   0x00000098   Code   RO          229    i.HAL_UART_MspInit  usart.o
    0x080026b8   0x080026b8   0x00000002   Code   RO         2347    i.HAL_UART_RxCpltCallback  stm32f4xx_hal_uart.o
    0x080026ba   0x080026ba   0x00000002   Code   RO         2352    i.HAL_UART_TxCpltCallback  stm32f4xx_hal_uart.o
    0x080026bc   0x080026bc   0x00000004   Code   RO          282    i.HardFault_Handler  stm32f4xx_it.o
    0x080026c0   0x080026c0   0x0000003e   Code   RO         2748    i.IntToUnicode      usbd_desc.o
    0x080026fe   0x080026fe   0x00000002   PAD
    0x08002700   0x08002700   0x00000048   Code   RO          204    i.MX_GPIO_Init      gpio.o
    0x08002748   0x08002748   0x00000038   Code   RO          230    i.MX_USART2_UART_Init  usart.o
    0x08002780   0x08002780   0x0000004c   Code   RO         2716    i.MX_USB_DEVICE_Init  usb_device.o
    0x080027cc   0x080027cc   0x00000004   Code   RO          283    i.MemManage_Handler  stm32f4xx_it.o
    0x080027d0   0x080027d0   0x00000004   Code   RO          284    i.NMI_Handler       stm32f4xx_it.o
    0x080027d4   0x080027d4   0x00000010   Code   RO          285    i.OTG_FS_IRQHandler  stm32f4xx_it.o
    0x080027e4   0x080027e4   0x00000064   Code   RO          427    i.PCD_EP_OutSetupPacket_int  stm32f4xx_hal_pcd.o
    0x08002848   0x08002848   0x00000144   Code   RO          428    i.PCD_EP_OutXfrComplete_int  stm32f4xx_hal_pcd.o
    0x0800298c   0x0800298c   0x000000b6   Code   RO          429    i.PCD_WriteEmptyTxFifo  stm32f4xx_hal_pcd.o
    0x08002a42   0x08002a42   0x00000002   Code   RO          286    i.PendSV_Handler    stm32f4xx_it.o
    0x08002a44   0x08002a44   0x00000002   Code   RO          287    i.SVC_Handler       stm32f4xx_it.o
    0x08002a46   0x08002a46   0x00000012   Code   RO         3263    i.SWAPBYTE          usbd_ctlreq.o
    0x08002a58   0x08002a58   0x00000008   Code   RO          288    i.SysTick_Handler   stm32f4xx_it.o
    0x08002a60   0x08002a60   0x000000b4   Code   RO           14    i.SystemClock_Config  main.o
    0x08002b14   0x08002b14   0x00000014   Code   RO         2680    i.SystemInit        system_stm32f4xx.o
    0x08002b28   0x08002b28   0x00000014   Code   RO         2354    i.UART_DMAAbortOnError  stm32f4xx_hal_uart.o
    0x08002b3c   0x08002b3c   0x0000006c   Code   RO         2364    i.UART_EndRxTransfer  stm32f4xx_hal_uart.o
    0x08002ba8   0x08002ba8   0x00000020   Code   RO         2365    i.UART_EndTransmit_IT  stm32f4xx_hal_uart.o
    0x08002bc8   0x08002bc8   0x000000f8   Code   RO         2367    i.UART_Receive_IT   stm32f4xx_hal_uart.o
    0x08002cc0   0x08002cc0   0x00000244   Code   RO         2368    i.UART_SetConfig    stm32f4xx_hal_uart.o
    0x08002f04   0x08002f04   0x00000060   Code   RO         2371    i.UART_Transmit_IT  stm32f4xx_hal_uart.o
    0x08002f64   0x08002f64   0x00000010   Code   RO          289    i.USART2_IRQHandler  stm32f4xx_it.o
    0x08002f74   0x08002f74   0x000000c4   Code   RO         3426    i.USBD_CDC_DataIn   usbd_cdc.o
    0x08003038   0x08003038   0x00000048   Code   RO         3427    i.USBD_CDC_DataOut  usbd_cdc.o
    0x08003080   0x08003080   0x000000d4   Code   RO         3428    i.USBD_CDC_DeInit   usbd_cdc.o
    0x08003154   0x08003154   0x00000050   Code   RO         3429    i.USBD_CDC_EP0_RxReady  usbd_cdc.o
    0x080031a4   0x080031a4   0x00000010   Code   RO         3430    i.USBD_CDC_GetDeviceQualifierDescriptor  usbd_cdc.o
    0x080031b4   0x080031b4   0x00000044   Code   RO         3431    i.USBD_CDC_GetFSCfgDesc  usbd_cdc.o
    0x080031f8   0x080031f8   0x00000048   Code   RO         3432    i.USBD_CDC_GetHSCfgDesc  usbd_cdc.o
    0x08003240   0x08003240   0x00000044   Code   RO         3433    i.USBD_CDC_GetOtherSpeedCfgDesc  usbd_cdc.o
    0x08003284   0x08003284   0x000001a0   Code   RO         3434    i.USBD_CDC_Init     usbd_cdc.o
    0x08003424   0x08003424   0x00000050   Code   RO         3435    i.USBD_CDC_ReceivePacket  usbd_cdc.o
    0x08003474   0x08003474   0x00000018   Code   RO         3436    i.USBD_CDC_RegisterInterface  usbd_cdc.o
    0x0800348c   0x0800348c   0x0000001e   Code   RO         3437    i.USBD_CDC_SetRxBuffer  usbd_cdc.o
    0x080034aa   0x080034aa   0x00000024   Code   RO         3438    i.USBD_CDC_SetTxBuffer  usbd_cdc.o
    0x080034ce   0x080034ce   0x00000140   Code   RO         3439    i.USBD_CDC_Setup    usbd_cdc.o
    0x0800360e   0x0800360e   0x00000002   PAD
    0x08003610   0x08003610   0x00000064   Code   RO         3440    i.USBD_CDC_TransmitPacket  usbd_cdc.o
    0x08003674   0x08003674   0x0000001c   Code   RO         3101    i.USBD_ClrClassConfig  usbd_core.o
    0x08003690   0x08003690   0x0000003e   Code   RO         3264    i.USBD_ClrFeature   usbd_ctlreq.o
    0x080036ce   0x080036ce   0x00000006   Code   RO         3102    i.USBD_CoreFindEP   usbd_core.o
    0x080036d4   0x080036d4   0x00000006   Code   RO         3103    i.USBD_CoreFindIF   usbd_core.o
    0x080036da   0x080036da   0x00000018   Code   RO         3366    i.USBD_CtlContinueRx  usbd_ioreq.o
    0x080036f2   0x080036f2   0x00000018   Code   RO         3367    i.USBD_CtlContinueSendData  usbd_ioreq.o
    0x0800370a   0x0800370a   0x00000018   Code   RO         3265    i.USBD_CtlError     usbd_ctlreq.o
    0x08003722   0x08003722   0x00000028   Code   RO         3368    i.USBD_CtlPrepareRx  usbd_ioreq.o
    0x0800374a   0x0800374a   0x0000001a   Code   RO         3369    i.USBD_CtlReceiveStatus  usbd_ioreq.o
    0x08003764   0x08003764   0x00000022   Code   RO         3370    i.USBD_CtlSendData  usbd_ioreq.o
    0x08003786   0x08003786   0x0000001a   Code   RO         3371    i.USBD_CtlSendStatus  usbd_ioreq.o
    0x080037a0   0x080037a0   0x00000034   Code   RO         2749    i.USBD_FS_ConfigStrDescriptor  usbd_desc.o
    0x080037d4   0x080037d4   0x00000010   Code   RO         2750    i.USBD_FS_DeviceDescriptor  usbd_desc.o
    0x080037e4   0x080037e4   0x00000038   Code   RO         2751    i.USBD_FS_InterfaceStrDescriptor  usbd_desc.o
    0x0800381c   0x0800381c   0x00000010   Code   RO         2752    i.USBD_FS_LangIDStrDescriptor  usbd_desc.o
    0x0800382c   0x0800382c   0x0000002c   Code   RO         2753    i.USBD_FS_ManufacturerStrDescriptor  usbd_desc.o
    0x08003858   0x08003858   0x00000040   Code   RO         2754    i.USBD_FS_ProductStrDescriptor  usbd_desc.o
    0x08003898   0x08003898   0x00000018   Code   RO         2755    i.USBD_FS_SerialStrDescriptor  usbd_desc.o
    0x080038b0   0x080038b0   0x00000056   Code   RO         3266    i.USBD_GetConfig    usbd_ctlreq.o
    0x08003906   0x08003906   0x000001fc   Code   RO         3267    i.USBD_GetDescriptor  usbd_ctlreq.o
    0x08003b02   0x08003b02   0x00000050   Code   RO         3105    i.USBD_GetEpDesc    usbd_core.o
    0x08003b52   0x08003b52   0x00000016   Code   RO         3268    i.USBD_GetLen       usbd_ctlreq.o
    0x08003b68   0x08003b68   0x00000014   Code   RO         3106    i.USBD_GetNextDesc  usbd_core.o
    0x08003b7c   0x08003b7c   0x0000005a   Code   RO         3269    i.USBD_GetStatus    usbd_ctlreq.o
    0x08003bd6   0x08003bd6   0x00000054   Code   RO         3270    i.USBD_GetString    usbd_ctlreq.o
    0x08003c2a   0x08003c2a   0x0000002c   Code   RO         2907    i.USBD_Get_USB_Status  usbd_conf.o
    0x08003c56   0x08003c56   0x0000003a   Code   RO         3107    i.USBD_Init         usbd_core.o
    0x08003c90   0x08003c90   0x00000026   Code   RO         2908    i.USBD_LL_ClearStallEP  usbd_conf.o
    0x08003cb6   0x08003cb6   0x00000026   Code   RO         2909    i.USBD_LL_CloseEP   usbd_conf.o
    0x08003cdc   0x08003cdc   0x00000108   Code   RO         3108    i.USBD_LL_DataInStage  usbd_core.o
    0x08003de4   0x08003de4   0x00000102   Code   RO         3109    i.USBD_LL_DataOutStage  usbd_core.o
    0x08003ee6   0x08003ee6   0x00000006   Code   RO         3110    i.USBD_LL_DevConnected  usbd_core.o
    0x08003eec   0x08003eec   0x00000026   Code   RO         3111    i.USBD_LL_DevDisconnected  usbd_core.o
    0x08003f12   0x08003f12   0x00000012   Code   RO         2913    i.USBD_LL_GetRxDataSize  usbd_conf.o
    0x08003f24   0x08003f24   0x0000006c   Code   RO         2914    i.USBD_LL_Init      usbd_conf.o
    0x08003f90   0x08003f90   0x00000038   Code   RO         2915    i.USBD_LL_IsStallEP  usbd_conf.o
    0x08003fc8   0x08003fc8   0x00000048   Code   RO         3112    i.USBD_LL_IsoINIncomplete  usbd_core.o
    0x08004010   0x08004010   0x00000048   Code   RO         3113    i.USBD_LL_IsoOUTIncomplete  usbd_core.o
    0x08004058   0x08004058   0x00000030   Code   RO         2916    i.USBD_LL_OpenEP    usbd_conf.o
    0x08004088   0x08004088   0x00000030   Code   RO         2917    i.USBD_LL_PrepareReceive  usbd_conf.o
    0x080040b8   0x080040b8   0x0000006c   Code   RO         3114    i.USBD_LL_Reset     usbd_core.o
    0x08004124   0x08004124   0x00000016   Code   RO         3115    i.USBD_LL_Resume    usbd_core.o
    0x0800413a   0x0800413a   0x00000028   Code   RO         3116    i.USBD_LL_SOF       usbd_core.o
    0x08004162   0x08004162   0x00000008   Code   RO         3117    i.USBD_LL_SetSpeed  usbd_core.o
    0x0800416a   0x0800416a   0x00000026   Code   RO         2918    i.USBD_LL_SetUSBAddress  usbd_conf.o
    0x08004190   0x08004190   0x00000076   Code   RO         3118    i.USBD_LL_SetupStage  usbd_core.o
    0x08004206   0x08004206   0x00000026   Code   RO         2919    i.USBD_LL_StallEP   usbd_conf.o
    0x0800422c   0x0800422c   0x0000001e   Code   RO         2920    i.USBD_LL_Start     usbd_conf.o
    0x0800424a   0x0800424a   0x00000014   Code   RO         3119    i.USBD_LL_Suspend   usbd_core.o
    0x0800425e   0x0800425e   0x00000030   Code   RO         2922    i.USBD_LL_Transmit  usbd_conf.o
    0x0800428e   0x0800428e   0x00000036   Code   RO         3271    i.USBD_ParseSetupRequest  usbd_ctlreq.o
    0x080042c4   0x080042c4   0x00000048   Code   RO         3120    i.USBD_RegisterClass  usbd_core.o
    0x0800430c   0x0800430c   0x00000006   Code   RO         3121    i.USBD_RunTestMode  usbd_core.o
    0x08004312   0x08004312   0x0000005a   Code   RO         3272    i.USBD_SetAddress   usbd_ctlreq.o
    0x0800436c   0x0800436c   0x00000020   Code   RO         3122    i.USBD_SetClassConfig  usbd_core.o
    0x0800438c   0x0800438c   0x00000104   Code   RO         3273    i.USBD_SetConfig    usbd_ctlreq.o
    0x08004490   0x08004490   0x00000038   Code   RO         3274    i.USBD_SetFeature   usbd_ctlreq.o
    0x080044c8   0x080044c8   0x0000000c   Code   RO         3123    i.USBD_Start        usbd_core.o
    0x080044d4   0x080044d4   0x000000ae   Code   RO         3275    i.USBD_StdDevReq    usbd_ctlreq.o
    0x08004582   0x08004582   0x00000280   Code   RO         3276    i.USBD_StdEPReq     usbd_ctlreq.o
    0x08004802   0x08004802   0x000000ae   Code   RO         3277    i.USBD_StdItfReq    usbd_ctlreq.o
    0x080048b0   0x080048b0   0x00000002   Code   RO         2923    i.USBD_static_free  usbd_conf.o
    0x080048b2   0x080048b2   0x00000002   PAD
    0x080048b4   0x080048b4   0x0000000c   Code   RO         2924    i.USBD_static_malloc  usbd_conf.o
    0x080048c0   0x080048c0   0x000000d0   Code   RO          708    i.USB_ActivateEndpoint  stm32f4xx_ll_usb.o
    0x08004990   0x08004990   0x00000028   Code   RO          710    i.USB_ActivateSetup  stm32f4xx_ll_usb.o
    0x080049b8   0x080049b8   0x00000084   Code   RO          712    i.USB_CoreInit      stm32f4xx_ll_usb.o
    0x08004a3c   0x08004a3c   0x00000058   Code   RO          713    i.USB_CoreReset     stm32f4xx_ll_usb.o
    0x08004a94   0x08004a94   0x0000014c   Code   RO          716    i.USB_DeactivateEndpoint  stm32f4xx_ll_usb.o
    0x08004be0   0x08004be0   0x00000024   Code   RO          717    i.USB_DevConnect    stm32f4xx_ll_usb.o
    0x08004c04   0x08004c04   0x00000024   Code   RO          718    i.USB_DevDisconnect  stm32f4xx_ll_usb.o
    0x08004c28   0x08004c28   0x000001d8   Code   RO          719    i.USB_DevInit       stm32f4xx_ll_usb.o
    0x08004e00   0x08004e00   0x0000000e   Code   RO          720    i.USB_DisableGlobalInt  stm32f4xx_ll_usb.o
    0x08004e0e   0x08004e0e   0x00000002   PAD
    0x08004e10   0x08004e10   0x000001dc   Code   RO          723    i.USB_EP0StartXfer  stm32f4xx_ll_usb.o
    0x08004fec   0x08004fec   0x00000070   Code   RO          724    i.USB_EP0_OutStart  stm32f4xx_ll_usb.o
    0x0800505c   0x0800505c   0x0000008e   Code   RO          725    i.USB_EPClearStall  stm32f4xx_ll_usb.o
    0x080050ea   0x080050ea   0x0000009a   Code   RO          726    i.USB_EPSetStall    stm32f4xx_ll_usb.o
    0x08005184   0x08005184   0x00000348   Code   RO          727    i.USB_EPStartXfer   stm32f4xx_ll_usb.o
    0x080054cc   0x080054cc   0x000000ec   Code   RO          728    i.USB_EPStopXfer    stm32f4xx_ll_usb.o
    0x080055b8   0x080055b8   0x0000000e   Code   RO          729    i.USB_EnableGlobalInt  stm32f4xx_ll_usb.o
    0x080055c6   0x080055c6   0x00000002   PAD
    0x080055c8   0x080055c8   0x00000054   Code   RO          730    i.USB_FlushRxFifo   stm32f4xx_ll_usb.o
    0x0800561c   0x0800561c   0x00000058   Code   RO          731    i.USB_FlushTxFifo   stm32f4xx_ll_usb.o
    0x08005674   0x08005674   0x00000026   Code   RO          733    i.USB_GetDevSpeed   stm32f4xx_ll_usb.o
    0x0800569a   0x0800569a   0x0000000a   Code   RO          735    i.USB_GetMode       stm32f4xx_ll_usb.o
    0x080056a4   0x080056a4   0x00000014   Code   RO          742    i.USB_ReadDevAllInEpInterrupt  stm32f4xx_ll_usb.o
    0x080056b8   0x080056b8   0x00000014   Code   RO          743    i.USB_ReadDevAllOutEpInterrupt  stm32f4xx_ll_usb.o
    0x080056cc   0x080056cc   0x00000032   Code   RO          744    i.USB_ReadDevInEPInterrupt  stm32f4xx_ll_usb.o
    0x080056fe   0x080056fe   0x0000001a   Code   RO          745    i.USB_ReadDevOutEPInterrupt  stm32f4xx_ll_usb.o
    0x08005718   0x08005718   0x0000000a   Code   RO          746    i.USB_ReadInterrupts  stm32f4xx_ll_usb.o
    0x08005722   0x08005722   0x00000060   Code   RO          747    i.USB_ReadPacket    stm32f4xx_ll_usb.o
    0x08005782   0x08005782   0x00000068   Code   RO          749    i.USB_SetCurrentMode  stm32f4xx_ll_usb.o
    0x080057ea   0x080057ea   0x0000002a   Code   RO          750    i.USB_SetDevAddress  stm32f4xx_ll_usb.o
    0x08005814   0x08005814   0x00000012   Code   RO          751    i.USB_SetDevSpeed   stm32f4xx_ll_usb.o
    0x08005826   0x08005826   0x00000002   PAD
    0x08005828   0x08005828   0x000000e8   Code   RO          752    i.USB_SetTurnaroundTime  stm32f4xx_ll_usb.o
    0x08005910   0x08005910   0x00000044   Code   RO          755    i.USB_WritePacket   stm32f4xx_ll_usb.o
    0x08005954   0x08005954   0x00000004   Code   RO          290    i.UsageFault_Handler  stm32f4xx_it.o
    0x08005958   0x08005958   0x00000010   Code   RO         1896    i.__NVIC_GetPriorityGrouping  stm32f4xx_hal_cortex.o
    0x08005968   0x08005968   0x00000028   Code   RO         1897    i.__NVIC_SetPriority  stm32f4xx_hal_cortex.o
    0x08005990   0x08005990   0x0000000e   Code   RO         3641    i.__scatterload_copy  mc_w.l(handlers.o)
    0x0800599e   0x0800599e   0x00000002   Code   RO         3642    i.__scatterload_null  mc_w.l(handlers.o)
    0x080059a0   0x080059a0   0x0000000e   Code   RO         3643    i.__scatterload_zeroinit  mc_w.l(handlers.o)
    0x080059ae   0x080059ae   0x00000002   PAD
    0x080059b0   0x080059b0   0x00000050   Code   RO         3569    i.free              mc_w.l(malloc.o)
    0x08005a00   0x08005a00   0x0000005a   Code   RO           15    i.main              main.o
    0x08005a5a   0x08005a5a   0x00000002   PAD
    0x08005a5c   0x08005a5c   0x0000006c   Code   RO         3570    i.malloc            mc_w.l(malloc.o)
    0x08005ac8   0x08005ac8   0x00000018   Data   RO         2681    .constdata          system_stm32f4xx.o
    0x08005ae0   0x08005ae0   0x00000020   Data   RO         3639    Region$$Table       anon$$obj.o


    Execution Region RW_IRAM1 (Exec base: 0x20000000, Load base: 0x08005b00, Size: 0x0000e958, Max: 0x00050000, ABSOLUTE)

    Exec Addr    Load Addr    Size         Type   Attr      Idx    E Section Name        Object

    0x20000000   0x08005b00   0x00000009   Data   RW         2045    .data               stm32f4xx_hal.o
    0x20000009   0x08005b09   0x00000003   PAD
    0x2000000c   0x08005b0c   0x00000004   Data   RW         2682    .data               system_stm32f4xx.o
    0x20000010   0x08005b10   0x0000004e   Data   RW         2757    .data               usbd_desc.o
    0x2000005e   0x08005b5e   0x00000002   PAD
    0x20000060   0x08005b60   0x00000014   Data   RW         2844    .data               usbd_cdc_if.o
    0x20000074   0x08005b74   0x00000001   Data   RW         3278    .data               usbd_ctlreq.o
    0x20000075   0x08005b75   0x00000003   PAD
    0x20000078   0x08005b78   0x0000008a   Data   RW         3441    .data               usbd_cdc.o
    0x20000102   0x08005c02   0x00000002   PAD
    0x20000104   0x08005c04   0x00000004   Data   RW         3620    .data               mc_w.l(mvars.o)
    0x20000108   0x08005c08   0x00000004   Data   RW         3621    .data               mc_w.l(mvars.o)
    0x2000010c        -       0x00000044   Zero   RW          232    .bss                usart.o
    0x20000150        -       0x000002dc   Zero   RW         2717    .bss                usb_device.o
    0x2000042c        -       0x00000200   Zero   RW         2756    .bss                usbd_desc.o
    0x2000062c        -       0x00001000   Zero   RW         2843    .bss                usbd_cdc_if.o
    0x2000162c        -       0x0000072c   Zero   RW         2925    .bss                usbd_conf.o
    0x20001d58        -       0x0000c800   Zero   RW            2    HEAP                startup_stm32f413xx.o
    0x2000e558        -       0x00000400   Zero   RW            1    STACK               startup_stm32f413xx.o


==============================================================================

Image component sizes


      Code (inc. data)   RO Data    RW Data    ZI Data      Debug   Object Name

        72          6          0          0          0        799   gpio.o
       276          8          0          0          0     684755   main.o
        36          8        472          0      52224        832   startup_stm32f413xx.o
       212         36          0          9          0       9501   stm32f4xx_hal.o
       304         22          0          0          0      34439   stm32f4xx_hal_cortex.o
       212          0          0          0          0       1943   stm32f4xx_hal_dma.o
       484         40          0          0          0       1444   stm32f4xx_hal_gpio.o
        72          4          0          0          0        850   stm32f4xx_hal_msp.o
      3684         16          0          0          0      13824   stm32f4xx_hal_pcd.o
       130          4          0          0          0       3073   stm32f4xx_hal_pcd_ex.o
       640         60          0          0          0       4020   stm32f4xx_hal_rcc.o
      2300         60          0          0          0       3488   stm32f4xx_hal_rcc_ex.o
      1942         20          0          0          0       9520   stm32f4xx_hal_uart.o
        66         12          0          0          0       5186   stm32f4xx_it.o
      4238         98          0          0          0      23579   stm32f4xx_ll_usb.o
        20          6         24          4          0       1123   system_stm32f4xx.o
       208         24          0          0         68       1758   usart.o
        76         16          0          0        732        772   usb_device.o
      1790         54          0        138          0      14233   usbd_cdc.o
       204         22          0         20       4096       4244   usbd_cdc_if.o
      1024         26          0          0       1836      17592   usbd_conf.o
      1346          0          0          0          0      16481   usbd_core.o
      2342         30          0          1          0      17804   usbd_ctlreq.o
       386        122          0         78        512       6861   usbd_desc.o
       174          0          0          0          0       4696   usbd_ioreq.o

    ----------------------------------------------------------------------
     22256        694        528        260      59468     882817   Object Totals
         0          0         32          0          0          0   (incl. Generated)
        18          0          0         10          0          0   (incl. Padding)

    ----------------------------------------------------------------------

      Code (inc. data)   RO Data    RW Data    ZI Data      Debug   Library Member Name

         0          0          0          0          0          0   entry.o
         0          0          0          0          0          0   entry10a.o
         0          0          0          0          0          0   entry11a.o
         4          0          0          0          0          0   entry12b.o
         8          4          0          0          0          0   entry2.o
         4          0          0          0          0          0   entry5.o
         0          0          0          0          0          0   entry7b.o
         0          0          0          0          0          0   entry8b.o
         8          4          0          0          0          0   entry9a.o
        30          0          0          0          0          0   handlers.o
        36          8          0          0          0         68   init.o
        30          0          0          0          0         68   llshl.o
        32          0          0          0          0         68   llushr.o
       188         20          0          0          0        160   malloc.o
        36          0          0          0          0         68   memcpya.o
        36          0          0          0          0        108   memseta.o
         0          0          0          8          0          0   mvars.o
        98          0          0          0          0         92   uldiv.o

    ----------------------------------------------------------------------
       512         36          0          8          0        632   Library Totals
         2          0          0          0          0          0   (incl. Padding)

    ----------------------------------------------------------------------

      Code (inc. data)   RO Data    RW Data    ZI Data      Debug   Library Name

       510         36          0          8          0        632   mc_w.l

    ----------------------------------------------------------------------
       512         36          0          8          0        632   Library Totals

    ----------------------------------------------------------------------

==============================================================================


      Code (inc. data)   RO Data    RW Data    ZI Data      Debug   

     22768        730        528        268      59468     863893   Grand Totals
     22768        730        528        268      59468     863893   ELF Image Totals
     22768        730        528        268          0          0   ROM Totals

==============================================================================

    Total RO  Size (Code + RO Data)                23296 (  22.75kB)
    Total RW  Size (RW Data + ZI Data)             59736 (  58.34kB)
    Total ROM Size (Code + RO Data + RW Data)      23564 (  23.01kB)

==============================================================================

